[debug] [2026-08-05T11:01:35.212Z] ----------------------------------------------------------------------
[debug] [2026-08-05T11:01:35.214Z] Command:       /usr/local/share/nvm/versions/node/v24.14.0/bin/node /workspaces/Future-Factory-Fpi/node_modules/.bin/firebase deploy --only hosting
[debug] [2026-08-05T11:01:35.214Z] CLI Version:   15.22.0
[debug] [2026-08-05T11:01:35.215Z] Platform:      linux
[debug] [2026-08-05T11:01:35.215Z] Node Version:  v24.14.0
[debug] [2026-08-05T11:01:35.215Z] Detected Agent: github_copilot_vscode_agent
[debug] [2026-08-05T11:01:35.215Z] Time:          Wed Aug 05 2026 11:01:35 GMT+0000 (Coordinated Universal Time)
[debug] [2026-08-05T11:01:35.215Z] ----------------------------------------------------------------------
[debug] 
[debug] [2026-08-05T11:01:38.357Z] > command requires scopes: ["email","openid","https://www.googleapis.com/auth/cloudplatformprojects.readonly","https://www.googleapis.com/auth/firebase","https://www.googleapis.com/auth/cloud-platform"]
[debug] [2026-08-05T11:01:38.358Z] > authorizing via signed-in user (richardvh18@gmail.com)
[debug] [2026-08-05T11:01:38.358Z] [iam] checking project future-factory-377ef for permissions ["firebase.projects.get","firebasehosting.sites.update"]
[debug] [2026-08-05T11:01:38.359Z] Checked if tokens are valid: false, expires at: 1785926276627
[debug] [2026-08-05T11:01:38.359Z] Checked if tokens are valid: false, expires at: 1785926276627
[debug] [2026-08-05T11:01:38.360Z] > refreshing access token with scopes: []
[debug] [2026-08-05T11:01:38.361Z] >>> [apiv2][query] POST https://www.googleapis.com/oauth2/v3/token [none]
[debug] [2026-08-05T11:01:38.361Z] >>> [apiv2][body] POST https://www.googleapis.com/oauth2/v3/token [omitted]
[debug] [2026-08-05T11:01:38.451Z] <<< [apiv2][status] POST https://www.googleapis.com/oauth2/v3/token 200
[debug] [2026-08-05T11:01:38.451Z] <<< [apiv2][body] POST https://www.googleapis.com/oauth2/v3/token [omitted]
[debug] [2026-08-05T11:01:38.463Z] >>> [apiv2][query] POST https://cloudresourcemanager.googleapis.com/v1/projects/future-factory-377ef:testIamPermissions [none]
[debug] [2026-08-05T11:01:38.463Z] >>> [apiv2][(partial)header] POST https://cloudresourcemanager.googleapis.com/v1/projects/future-factory-377ef:testIamPermissions  x-goog-user-project=future-factory-377ef
[debug] [2026-08-05T11:01:38.463Z] >>> [apiv2][body] POST https://cloudresourcemanager.googleapis.com/v1/projects/future-factory-377ef:testIamPermissions {"permissions":["firebase.projects.get","firebasehosting.sites.update"]}
[debug] [2026-08-05T11:01:39.109Z] <<< [apiv2][status] POST https://cloudresourcemanager.googleapis.com/v1/projects/future-factory-377ef:testIamPermissions 200
[debug] [2026-08-05T11:01:39.109Z] <<< [apiv2][body] POST https://cloudresourcemanager.googleapis.com/v1/projects/future-factory-377ef:testIamPermissions {"permissions":["firebase.projects.get","firebasehosting.sites.update"]}
[debug] [2026-08-05T11:01:39.110Z] Checked if tokens are valid: true, expires at: 1785931297451
[debug] [2026-08-05T11:01:39.111Z] Checked if tokens are valid: true, expires at: 1785931297451
[debug] [2026-08-05T11:01:39.111Z] >>> [apiv2][query] GET https://firebase.googleapis.com/v1beta1/projects/future-factory-377ef [none]
[debug] [2026-08-05T11:01:39.497Z] <<< [apiv2][status] GET https://firebase.googleapis.com/v1beta1/projects/future-factory-377ef 200
[debug] [2026-08-05T11:01:39.497Z] <<< [apiv2][body] GET https://firebase.googleapis.com/v1beta1/projects/future-factory-377ef {"projectId":"future-factory-377ef","projectNumber":"180452063401","displayName":"Future Factory","name":"projects/future-factory-377ef","resources":{"hostingSite":"future-factory-377ef","realtimeDatabaseInstance":"future-factory-377ef-default-rtdb"},"state":"ACTIVE","labels":{"firebase":"enabled","firebase/storage-default-bucket":"created"},"etag":"1_c5d90532-4319-4e9a-9886-11d2c213dd10"}
[info] 
[info] === Deploying to 'future-factory-377ef'...
[info] 
[info] i  deploying hosting 
[debug] [2026-08-05T11:01:39.502Z] Checked if tokens are valid: true, expires at: 1785931297451
[debug] [2026-08-05T11:01:39.502Z] Checked if tokens are valid: true, expires at: 1785931297451
[debug] [2026-08-05T11:01:39.502Z] >>> [apiv2][query] GET https://firebasehosting.googleapis.com/v1beta1/projects/future-factory-377ef/sites/future-factory-377ef [none]
[debug] [2026-08-05T11:01:40.455Z] <<< [apiv2][status] GET https://firebasehosting.googleapis.com/v1beta1/projects/future-factory-377ef/sites/future-factory-377ef 200
[debug] [2026-08-05T11:01:40.455Z] <<< [apiv2][body] GET https://firebasehosting.googleapis.com/v1beta1/projects/future-factory-377ef/sites/future-factory-377ef {"name":"projects/future-factory-377ef/sites/future-factory-377ef","defaultUrl":"https://future-factory-377ef.web.app","appId":"1:180452063401:web:66b4c30bf97080072cd1b8","type":"DEFAULT_SITE"}
[debug] [2026-08-05T11:01:40.456Z] Checked if tokens are valid: true, expires at: 1785931297451
[debug] [2026-08-05T11:01:40.456Z] Checked if tokens are valid: true, expires at: 1785931297451
[debug] [2026-08-05T11:01:40.456Z] >>> [apiv2][query] POST https://firebasehosting.googleapis.com/v1beta1/projects/-/sites/future-factory-377ef/versions [none]
[debug] [2026-08-05T11:01:40.456Z] >>> [apiv2][body] POST https://firebasehosting.googleapis.com/v1beta1/projects/-/sites/future-factory-377ef/versions {"status":"CREATED","labels":{"deployment-tool":"cli-firebase"}}
[debug] [2026-08-05T11:01:42.362Z] <<< [apiv2][status] POST https://firebasehosting.googleapis.com/v1beta1/projects/-/sites/future-factory-377ef/versions 200
[debug] [2026-08-05T11:01:42.363Z] <<< [apiv2][body] POST https://firebasehosting.googleapis.com/v1beta1/projects/-/sites/future-factory-377ef/versions {"name":"projects/180452063401/sites/future-factory-377ef/versions/c9921f9eb4d4c957","status":"CREATED","config":{},"labels":{"deployment-tool":"cli-firebase"}}
[info] i  hosting[future-factory-377ef]: beginning deploy... 
[info] i  hosting[future-factory-377ef]: found 97 files in dist 
[debug] [2026-08-05T11:01:42.387Z] [hosting] uploading with 200 concurrency
[debug] [2026-08-05T11:01:42.722Z] Checked if tokens are valid: true, expires at: 1785931297451
[debug] [2026-08-05T11:01:42.723Z] Checked if tokens are valid: true, expires at: 1785931297451
[debug] [2026-08-05T11:01:42.726Z] [hosting] hash cache [ZGlzdA] stored for 97 files
[debug] [2026-08-05T11:01:42.726Z] [hosting][hash queue][FINAL] {"max":313,"min":30,"avg":106.06185567010311,"active":0,"complete":97,"success":97,"errored":0,"retried":0,"total":97,"elapsed":335}
[debug] [2026-08-05T11:01:42.726Z] >>> [apiv2][query] POST https://firebasehosting.googleapis.com/v1beta1/projects/180452063401/sites/future-factory-377ef/versions/c9921f9eb4d4c957:populateFiles [none]
[debug] [2026-08-05T11:01:42.726Z] >>> [apiv2][body] POST https://firebasehosting.googleapis.com/v1beta1/projects/180452063401/sites/future-factory-377ef/versions/c9921f9eb4d4c957:populateFiles {"files":{"/manifest.json":"039e5f3ec7e5aa9e46d274a3ed21efa317deee93e99fb966ae817853d50aaadd","/logo512.svg":"a29a045100e7ed94f96883f00a1e1207f638bbb19685bd703a9a1240e6bb2fab","/logo192.svg":"dc1e81dbef46b4a84e203b03078f0945fbd27fe0c25c83859da2daa0a4355888","/index.html":"8c65014811c496f167672b84335b1df65b84cd3ed970dd5b283bb7d6d720a8eb","/favicon.svg":"ea5b076242c34de140c74b433376650a9fbf0cd3679716bf7ae446e09d18a1c4","/version.json":"c3d5bcc4c3b4b4f233bdbaa7bb6acb0b70657539b9ca0308465524cdaba2947e","/assets/workstationLogic-B8G510tq.js":"f24aabcda1f129f3782546345746c36b96a5391cf7c49cb2930ede5b49f7942e","/assets/wm18ExcelImportService-B8qGvZ8D.js":"59c2348079a4588ef897dc587aad69f6fd8507063bc91289e1d3497e5be61e3d","/assets/wm18CalculationEngine-KRzU5jrb.js":"76bcb59d65b7a1e49b6f147f2b90a45773ebcfcdf66557700f3b684239c24bda","/assets/useFactoryConfig-CFurgdr7.js":"4507a36bb2b109302579553dfef8d3042638456616de0b379f9e95f2dd017845","/assets/purify.es-C_uT9hQ1.js":"9ca9fb49b6ddcdd8f6719c9edd1a0bc52853931e16fb9150b680daa22bcc7569","/assets/printRouting-BLj-Rb-t.js":"cd0096312953d559fdf3573a39a32da609c6bd2cdd2e6b0d05aaac85ab66df6c","/firebase-messaging-sw.js":"37d37784ca2e1d52f01fdb785fe4a3ba26d0326f6f456b86ac67cc5d2902f783","/assets/manualSyncDrawings-DKKgOP27.js":"da8ddf0187cd8e71883c83079538039042d83dd701d19177d8c290ccf8fef12f","/assets/lotLogic-tbN5d9gX.js":"c9517768bc1a5b5f4b6e7e59cfed43bbb6b1967f3d4c6e0eb8687916cbcfa75f","/assets/useTeamleaderFirestore-g1ZAfr-q.js":"4f47d1a40b3d091f60d3671df84e89c76381d6bf8cb8bf8c3258ede642354550","/assets/index-BYfFHmfY.js":"877bd1fc3291e26248b6d22f8d1416c292ed2a2ba761497549340bb4c6af5358","/assets/hubHelpers-2x5R58Kd.js":"4991153e7228449e8b1887a8ec4419e53dfe8e2d73ed3f75daa0d0f13cb69384","/assets/gatewayPcService-CdgfXEKh.js":"dfb393a6ebfac9ea273b08efb1211077f07efbe79e5a3180b847520617d1f4e4","/assets/firebase-functions-C0_7c85w.js":"4ae8b6ede1df83348c3fb92d4fd9d5e817386955ce6681d7d5bacbf48b4f555f","/assets/firebase-core-DS37rflB.js":"84b608263413552048d2aef99f250b33587efb3fb285388c758cd564698257e7","/assets/efficiencyCalculator-BJPZ0331.js":"59739b76f08c6c14e0fbd5549e7097052a903e95a4ddedb81bf6dc56b1081da5","/assets/firebase-storage-DARCj9fm.js":"b5218d42e704ebf950f15487862653e92f6c7d64902bbbe5166de933c3196616","/assets/canvasToBitmapZpl-B-23tzT1.js":"ac3a422ac05148f9c8065d7c2de2af7598c99beb5bbb9e60fdf8c9586a2dd7b6","/assets/TemporaryExcelManagerView-DKXh1_Z2.js":"c889668b9b3bca7cc50e7493589edad95b16442c655e215b9bc930fe39a5d7e8","/assets/WM18RobotManagerView-DkzR3uVo.js":"ce417c72b381a4b940675fcf24acdb36efe29af13469196c9b88a594605c953f","/assets/TeamleaderPresentation-CoNQ0Q6e.js":"6bfa9d9afffbe337cb878d5e3856e0552e1680258446bb77d6cff908a1ca60c6","/assets/TeamleaderOrderDetailModal-DezFbc6_.js":"8afe5a7245a37f8d34ce6291156715b91029fe0becf41222ba3b2eed9e3cdfc9","/assets/StatusBadge-6Vk6Lt6b.js":"3c65657103d2b6859e3dcc9427be438422ec4a9ec5020833c8ba8347b6fd126e","/assets/RoadmapViewer-Bw4mAG7R.js":"8edf2b23c5c225559bdc85c99ee86a9fefbf842036a9c41729ffaa205b3bc2ab","/assets/ReferenceOpsImportModal-BrEi7aWf.js":"ad273362d65a67772ca901cc6c4a2cb200e8a805906c22c195b4831114241a39","/assets/QcSampleView-C1vDaZ56.js":"48876bc4911386c017613967651681fb2d783c5409fc93c4b26e807994046106","/assets/conversionLogic-B61uGwS3.js":"c6d4e3d0fa0d5b2c660fe3f585626d4e80242b53e63ee41300c961e41a579fe6","/assets/ScenarioPlanningView-fd6GTPCw.js":"b82ecc373f22b6ddf8d92dc6657b38e59751d93412402adcf71981da6ed021b9","/assets/dateUtils-BH-wAshi.js":"08f365879c2fee86aefbe29992009e40c14dafe5094a55ce19b6ec4ec03b2cd7","/logo192.png":"a8fc7d7a88b5a1b9324cf9b042efb3c27f372a3527399332ddd7cf1b5b795952","/assets/icons-vendor-Dtb-N1Xr.js":"b76ca5045ebf3b451ce7089d4b901414adb686e3a2643e1cdf2b281b7008ee17","/assets/ShopFloorMobileApp-gA5YiLFc.js":"f5b74edcf385e543b7f0a78852ea554344607911167c607749f4baa5467ca9f8","/assets/date-vendor-D6mUMfPR.js":"f54ddfc3f5ee2e4a655ea66547b665d40d8bde4cac8cce32b3b6ca03c512a590","/assets/index-CyLs5zS_.css":"85e922f7cf6c308ba2e56a36020e42161ee3e195edc5e874834e0c7846a3b9db","/assets/QCHub-f61NlBQb.js":"934ebcc5c033e74d1d5b7501040fa3e3fb587ab5bcbaecaec45fa863e081cf89","/assets/ProductMoveModal-CSGwKfK_.js":"b09281d4bb7c6feac68d808bff6bcd914d973be16696d6e88a9e8cc0a06c8d4c","/assets/ProductDossierModal-DwnYdKRR.js":"aaa269c04ff9752b2267e7ab1f5377763470ea1da58d8bbc185d61c146740380","/assets/ProductionTimeStandardsManager-DEtQOARy.js":"f5b0ec18b6f4e5098f95d136d078169a77d970b9828156e6686b6399a5a4ab9b","/assets/PilotMigrationTool-D64jmljM.js":"e292baa5f1e45eb5242b470b20b1ddc09d7cc2389839010a2a6f38ff55b95cfd","/assets/PersonnelOccupancyView-C_bFLnhH.js":"9435a3832e294b2905544632a34c3e360560e4e87eaac5408feee0ae9e484a70","/assets/OrderDependenciesView-BPB6ees0.js":"9d7b1ccab21fb8f073ffd7f0037f60cf504de200a224cd96b8a8a3680573416a","/assets/NotificationRulesView-gGSsrkK6.js":"a3f7ab8c649e3a58c2e16a7bd4395851852a3c3a48b91f6bff6a9f916c1bd8c4","/assets/MobileScanner-BARnzgYq.js":"cb107d3925fa9aa20609cd5b0119d8fefd32e24446905ce57ff2c5e062b2dc77","/assets/ManualSyncDrawings-BoSEJ_nw.js":"70fb6ea25a2df472c16d5b9a633ca4db78d131668b2657e51785002972e024e3","/assets/MTPresentation-XJW6vF5S.js":"c0ff71360a55e03df6c4d953328493f4da68d2333bda6cb76622ca5dab82a0e1","/assets/GatewayPcAdminView-CYK19b7A.js":"17200b30f6a54a1cb22e264450f1322bb4f47f2607231f4d589bf8751f71e19d","/assets/FloorControlReportsView-BQ7VkufE.js":"824bc8b2a4c86b5db3cef7cd9342e969250bd7544dba134cfe824e0dc60155ff","/assets/FactoryStructureManager-BXT_mhmv.js":"1d2c7e360b8536ce67cf379bc67ff482411e94493100965b288f98bb6c52e7bf","/assets/PersonnelManager-rgobMGu-.js":"e0bf6599b09e58258295f890e4024554eae739ffeec2f1cfa770266833d48d7b","/assets/ConfirmationModal-D2uZBQZc.js":"23b14b6dd822887fa3b3bc29aa4302c7738a09eebdfd64de36269723231edf15","/assets/ConfigManagerView-w280QKNM.js":"d1bad6817881fb88971a6513bd9986cf18aaf1f0bcff827a66eaddd3f5b12d4e","/assets/ConversionManager-Df5J9Ovv.js":"de4452f83704e36913e60fb5f1fb8eb9f2e84895b00cc4ea51aaacbffaed4dee","/assets/CompanyPresentation-CvrCXGpg.js":"3d6838e64d8783e530be6fa678a03bb72dad42e4f7fd2746c85ccb19c2509dea","/assets/CancelOrderModal-Bi46JGTJ.js":"3a63ead99d1090eadeff8c6f13ed56edec325f01a6c8c3db866fa74a1a8f25a9","/assets/CalculatorView-DdcqaiF6.js":"c016c051245c3adfe4b4dc2b4eb5425a99a83ad51fbc5a5938da0744327b2328","/assets/AutoScaledLabelPreview-D8FTWSse.js":"0bf5aae29d91305d1894bab0a791ea46a0a2e13bded6243230a6600906611a87","/assets/AiCenterView-yaHhgKGS.js":"c07c357ef1d3dd66c5ffe66526a3d99795851b6ed93945cd6d2492c729b3873f","/assets/AiAssistantView-DvC5bDCw.js":"0f5dfa487281050f45e08196b1d60426d559055d45004f0fc697fd4fcd390b59","/assets/AutomationRulesView-CofbCCV8.js":"e656af8b525e4af5dd71983481323071020249debc2fb2c29d7679c9b2fb859d","/assets/AdminToolingMoldsView-DZ5YBgSA.js":"16e20bfd53fecc3e44184fe51c4b52c1a0ac1e115bfdde14fb31b037c697e212","/assets/AiChatView-Bo1sE1Yu.js":"2349a5a6a815a5fcbc7cc46c3ecf2c859798d334db1ce40aa597f7647f19fc4c","/assets/AdminSettingsView-CxaH9W9s.js":"2a861f4fb7850f616b8dd16d2b7db5f2d34991aeee42557bc9716ed76cb548a1","/assets/AdminUsersView-DStIT2JJ.js":"cd195931ecafd8d7aed117935e87a1cf6a047f3094350b1338a0f0ed12ebcbbe","/assets/firebase-auth-BijnyIjA.js":"19846f9aeab5b5478063cc76aeed9459b4d072e1742fdf50375bd5f04a96bcaa","/assets/AdminReferenceTable-CX_rXyQN.js":"1943b571c63063b4c9e23e4883faafb88f25b0e2bff992cbe95e89e2d04b993f","/assets/KanbanBoardView-Cr8WzLwL.js":"8297b458fa41da5f310499a793193fe693eafd1e6f15628214322bc8775e3804","/assets/index.es-CyWmTynY.js":"6be987c80fea1ba4ba9a66afd240e6280ff7bf005eaf16479e12dc68d12c1022","/assets/PrintQueueAdminView-DhsUVYCI.js":"b3d3211780885a207e03b84f1f2015f58c515f20a87375affdb3bb5dd4a24dc3","/assets/html2canvas.esm-CBrSDip1.js":"b2947de12e54a383298b057776696da020cd7cd53995afc207022bb82e7cb697","/assets/AdminProductManager-CCa-43-Z.js":"efded0df28cdd811d230be7244f9126c5c9a884de588b445e381feb2fc8f0735","/assets/AdminReportsView-BxQVC0V0.js":"3f28838fb4a16b8df6aabd219160db278ae3042b180964e7f31ad9b9b9e41191","/assets/AdminMessagesView-CcaqHSe3.js":"1a45911086a252275a4535079f5c2e9ad768254c886a43a2d5c2445672e599b4","/assets/AdminMessagesManagement-D-Y6fzD2.js":"9fd2afe24a0ded5419d238fc8d566ec2bea96f35a4916060bf3c6bcb552be983","/assets/AdminLogView-CTr4Dga-.js":"379bbc99a41b73514a53d095b8a0ba41cfe30164cac8fc9c2de69ff42f7f74de","/assets/react-vendor-fnHBqr1D.js":"da0d9eb624b22fdf55a5115e29a87697dd8fe6816da11f6703adabcb74280fa7","/assets/AdminEmailManager-CX-4j-eP.js":"b8f786134f95a281b0295d50ea40aadfe7838608e178abb940731575b7cbef4a","/assets/AdminDatabaseView-DM6MggU_.js":"38115cbf2e76954cb74d257084417bb089ce6aad67b667da6065536d93e33f13","/assets/AdminBadgeGenerator-DxsMONd1.js":"957453300a99ff3f179ad74906aa8fce9e95e579edb303d570bf9db804bd47ec","/assets/AdminPrinterManager-D5BVCn06.js":"3a6cd485b30aa62275e87b856980267769ee63c0b4c1d9fcbac9143887df6bb6","/assets/AdminDashboard-CiolLyGF.js":"4855e0cd05dee401682df0468e9be318f20abed993c1553d49e3b38846022729","/assets/CapacityPlanningView-Cq5KO-RD.js":"13d67ad7ad1a72661150072e230c4759a87fa4c9278f15bfe5ad4ede809470b0","/assets/AdminLabelManager-DYsutv0T.js":"d8c4da658f5d3effb7f6da6c02f71499e375086b4314bac9979dbd87ee367eb1","/assets/AdminMatrixManager-CXZ084Ph.js":"855028668fdd11f443e09af9c860117fb1139c392235d4d872aa055fe413a9cb","/assets/firebase-firestore-CaED31Ar.js":"f6e69124fb9db07194fc135cf5552e1f806cb229ddc9aee2ceefea76f270501b","/assets/jspdf-vendor-x3v5WJqH.js":"8c265e75eccc101c4a33ac07253ef1bc9dda1a56033e6417336b0ca8b52adaa8","/assets/pdfjs-vendor-CDWh1jo9.js":"9e8b5365943d76850af73b4f5e9f01ce4ac6ea35d0d6f2efd21291ba69673934","/assets/xlsx-vendor-D_0l8YDs.js":"7fbae83e5262a5dc8c8eaeafc98f67d5e4be96745861a97ce4c58adbae6f829b","/assets/index-Xi5pHPek.js":"754500f3ee1ede65cead4ba10a0e85e2824228e085462fb00bf90fb090558023","/assets/DigitalPlanningHub-twsrgH00.js":"098bd888cbd4435ef1f7467038bebc275203254f2011f6cfcb3853c248708cd9","/assets/pdf.worker.min-yatZIOMy.mjs":"32f38d71cab847ce8fafb3ee6a470a62d3730d0976993d444f3712d3f638f04a","/assets/ProjectStructureExpertView-CWeJA0Zu.js":"157bc21a3f1ddca04ad6865e18243dda5c2626981c838d08ca16258ed418e477"}}
[debug] [2026-08-05T11:01:44.040Z] <<< [apiv2][status] POST https://firebasehosting.googleapis.com/v1beta1/projects/180452063401/sites/future-factory-377ef/versions/c9921f9eb4d4c957:populateFiles 200
[debug] [2026-08-05T11:01:44.040Z] <<< [apiv2][body] POST https://firebasehosting.googleapis.com/v1beta1/projects/180452063401/sites/future-factory-377ef/versions/c9921f9eb4d4c957:populateFiles {"uploadRequiredHashes":["d1bad6817881fb88971a6513bd9986cf18aaf1f0bcff827a66eaddd3f5b12d4e","d8c4da658f5d3effb7f6da6c02f71499e375086b4314bac9979dbd87ee367eb1","2349a5a6a815a5fcbc7cc46c3ecf2c859798d334db1ce40aa597f7647f19fc4c","157bc21a3f1ddca04ad6865e18243dda5c2626981c838d08ca16258ed418e477","59c2348079a4588ef897dc587aad69f6fd8507063bc91289e1d3497e5be61e3d","cb107d3925fa9aa20609cd5b0119d8fefd32e24446905ce57ff2c5e062b2dc77","b82ecc373f22b6ddf8d92dc6657b38e59751d93412402adcf71981da6ed021b9","da8ddf0187cd8e71883c83079538039042d83dd701d19177d8c290ccf8fef12f","38115cbf2e76954cb74d257084417bb089ce6aad67b667da6065536d93e33f13","8c65014811c496f167672b84335b1df65b84cd3ed970dd5b283bb7d6d720a8eb","f5b74edcf385e543b7f0a78852ea554344607911167c607749f4baa5467ca9f8","a3f7ab8c649e3a58c2e16a7bd4395851852a3c3a48b91f6bff6a9f916c1bd8c4","9435a3832e294b2905544632a34c3e360560e4e87eaac5408feee0ae9e484a70","0bf5aae29d91305d1894bab0a791ea46a0a2e13bded6243230a6600906611a87","e292baa5f1e45eb5242b470b20b1ddc09d7cc2389839010a2a6f38ff55b95cfd","f5b0ec18b6f4e5098f95d136d078169a77d970b9828156e6686b6399a5a4ab9b","4991153e7228449e8b1887a8ec4419e53dfe8e2d73ed3f75daa0d0f13cb69384","ad273362d65a67772ca901cc6c4a2cb200e8a805906c22c195b4831114241a39","e656af8b525e4af5dd71983481323071020249debc2fb2c29d7679c9b2fb859d","957453300a99ff3f179ad74906aa8fce9e95e579edb303d570bf9db804bd47ec","f24aabcda1f129f3782546345746c36b96a5391cf7c49cb2930ede5b49f7942e","17200b30f6a54a1cb22e264450f1322bb4f47f2607231f4d589bf8751f71e19d","b8f786134f95a281b0295d50ea40aadfe7838608e178abb940731575b7cbef4a","dfb393a6ebfac9ea273b08efb1211077f07efbe79e5a3180b847520617d1f4e4","b3d3211780885a207e03b84f1f2015f58c515f20a87375affdb3bb5dd4a24dc3","4855e0cd05dee401682df0468e9be318f20abed993c1553d49e3b38846022729","1a45911086a252275a4535079f5c2e9ad768254c886a43a2d5c2445672e599b4","e0bf6599b09e58258295f890e4024554eae739ffeec2f1cfa770266833d48d7b","c3d5bcc4c3b4b4f233bdbaa7bb6acb0b70657539b9ca0308465524cdaba2947e","aaa269c04ff9752b2267e7ab1f5377763470ea1da58d8bbc185d61c146740380","3a6cd485b30aa62275e87b856980267769ee63c0b4c1d9fcbac9143887df6bb6","8edf2b23c5c225559bdc85c99ee86a9fefbf842036a9c41729ffaa205b3bc2ab","c6d4e3d0fa0d5b2c660fe3f585626d4e80242b53e63ee41300c961e41a579fe6","0f5dfa487281050f45e08196b1d60426d559055d45004f0fc697fd4fcd390b59","098bd888cbd4435ef1f7467038bebc275203254f2011f6cfcb3853c248708cd9","824bc8b2a4c86b5db3cef7cd9342e969250bd7544dba134cfe824e0dc60155ff","f6e69124fb9db07194fc135cf5552e1f806cb229ddc9aee2ceefea76f270501b","c889668b9b3bca7cc50e7493589edad95b16442c655e215b9bc930fe39a5d7e8","70fb6ea25a2df472c16d5b9a633ca4db78d131668b2657e51785002972e024e3","9d7b1ccab21fb8f073ffd7f0037f60cf504de200a224cd96b8a8a3680573416a","379bbc99a41b73514a53d095b8a0ba41cfe30164cac8fc9c2de69ff42f7f74de","2a861f4fb7850f616b8dd16d2b7db5f2d34991aeee42557bc9716ed76cb548a1","ce417c72b381a4b940675fcf24acdb36efe29af13469196c9b88a594605c953f","cd195931ecafd8d7aed117935e87a1cf6a047f3094350b1338a0f0ed12ebcbbe","8297b458fa41da5f310499a793193fe693eafd1e6f15628214322bc8775e3804","3f28838fb4a16b8df6aabd219160db278ae3042b180964e7f31ad9b9b9e41191","4507a36bb2b109302579553dfef8d3042638456616de0b379f9e95f2dd017845","efded0df28cdd811d230be7244f9126c5c9a884de588b445e381feb2fc8f0735","855028668fdd11f443e09af9c860117fb1139c392235d4d872aa055fe413a9cb","16e20bfd53fecc3e44184fe51c4b52c1a0ac1e115bfdde14fb31b037c697e212","8afe5a7245a37f8d34ce6291156715b91029fe0becf41222ba3b2eed9e3cdfc9","59739b76f08c6c14e0fbd5549e7097052a903e95a4ddedb81bf6dc56b1081da5","c016c051245c3adfe4b4dc2b4eb5425a99a83ad51fbc5a5938da0744327b2328","c07c357ef1d3dd66c5ffe66526a3d99795851b6ed93945cd6d2492c729b3873f","9fd2afe24a0ded5419d238fc8d566ec2bea96f35a4916060bf3c6bcb552be983","1d2c7e360b8536ce67cf379bc67ff482411e94493100965b288f98bb6c52e7bf","934ebcc5c033e74d1d5b7501040fa3e3fb587ab5bcbaecaec45fa863e081cf89","de4452f83704e36913e60fb5f1fb8eb9f2e84895b00cc4ea51aaacbffaed4dee","48876bc4911386c017613967651681fb2d783c5409fc93c4b26e807994046106","4f47d1a40b3d091f60d3671df84e89c76381d6bf8cb8bf8c3258ede642354550","754500f3ee1ede65cead4ba10a0e85e2824228e085462fb00bf90fb090558023","c9517768bc1a5b5f4b6e7e59cfed43bbb6b1967f3d4c6e0eb8687916cbcfa75f","13d67ad7ad1a72661150072e230c4759a87fa4c9278f15bfe5ad4ede809470b0"],"uploadUrl":"https://upload-firebasehosting.googleapis.com/upload/sites/future-factory-377ef/versions/c9921f9eb4d4c957/files"}
[debug] [2026-08-05T11:01:44.041Z] Checked if tokens are valid: true, expires at: 1785931297451
[debug] [2026-08-05T11:01:44.041Z] Checked if tokens are valid: true, expires at: 1785931297451
[debug] [2026-08-05T11:01:44.041Z] Checked if tokens are valid: true, expires at: 1785931297451
[debug] [2026-08-05T11:01:44.041Z] Checked if tokens are valid: true, expires at: 1785931297451
[debug] [2026-08-05T11:01:44.041Z] Checked if tokens are valid: true, expires at: 1785931297451
[debug] [2026-08-05T11:01:44.041Z] Checked if tokens are valid: true, expires at: 1785931297451
[debug] [2026-08-05T11:01:44.041Z] Checked if tokens are valid: true, expires at: 1785931297451
[debug] [2026-08-05T11:01:44.041Z] Checked if tokens are valid: true, expires at: 1785931297451
[debug] [2026-08-05T11:01:44.042Z] Checked if tokens are valid: true, expires at: 1785931297451
[debug] [2026-08-05T11:01:44.044Z] Checked if tokens are valid: true, expires at: 1785931297451
[debug] [2026-08-05T11:01:44.044Z] Checked if tokens are valid: true, expires at: 1785931297451
[debug] [2026-08-05T11:01:44.044Z] Checked if tokens are valid: true, expires at: 1785931297451
[debug] [2026-08-05T11:01:44.044Z] Checked if tokens are valid: true, expires at: 1785931297451
[debug] [2026-08-05T11:01:44.044Z] Checked if tokens are valid: true, expires at: 1785931297451
[debug] [2026-08-05T11:01:44.044Z] Checked if tokens are valid: true, expires at: 1785931297451
[debug] [2026-08-05T11:01:44.045Z] Checked if tokens are valid: true, expires at: 1785931297451
[debug] [2026-08-05T11:01:44.047Z] Checked if tokens are valid: true, expires at: 1785931297451
[debug] [2026-08-05T11:01:44.047Z] Checked if tokens are valid: true, expires at: 1785931297451
[debug] [2026-08-05T11:01:44.047Z] Checked if tokens are valid: true, expires at: 1785931297451
[debug] [2026-08-05T11:01:44.047Z] Checked if tokens are valid: true, expires at: 1785931297451
[debug] [2026-08-05T11:01:44.047Z] Checked if tokens are valid: true, expires at: 1785931297451
[debug] [2026-08-05T11:01:44.047Z] Checked if tokens are valid: true, expires at: 1785931297451
[debug] [2026-08-05T11:01:44.048Z] Checked if tokens are valid: true, expires at: 1785931297451
[debug] [2026-08-05T11:01:44.048Z] Checked if tokens are valid: true, expires at: 1785931297451
[debug] [2026-08-05T11:01:44.048Z] Checked if tokens are valid: true, expires at: 1785931297451
[debug] [2026-08-05T11:01:44.048Z] Checked if tokens are valid: true, expires at: 1785931297451
[debug] [2026-08-05T11:01:44.049Z] Checked if tokens are valid: true, expires at: 1785931297451
[debug] [2026-08-05T11:01:44.049Z] Checked if tokens are valid: true, expires at: 1785931297451
[debug] [2026-08-05T11:01:44.049Z] Checked if tokens are valid: true, expires at: 1785931297451
[debug] [2026-08-05T11:01:44.049Z] Checked if tokens are valid: true, expires at: 1785931297451
[debug] [2026-08-05T11:01:44.049Z] Checked if tokens are valid: true, expires at: 1785931297451
[debug] [2026-08-05T11:01:44.049Z] Checked if tokens are valid: true, expires at: 1785931297451
[debug] [2026-08-05T11:01:44.050Z] Checked if tokens are valid: true, expires at: 1785931297451
[debug] [2026-08-05T11:01:44.051Z] Checked if tokens are valid: true, expires at: 1785931297451
[debug] [2026-08-05T11:01:44.051Z] Checked if tokens are valid: true, expires at: 1785931297451
[debug] [2026-08-05T11:01:44.051Z] Checked if tokens are valid: true, expires at: 1785931297451
[debug] [2026-08-05T11:01:44.051Z] Checked if tokens are valid: true, expires at: 1785931297451
[debug] [2026-08-05T11:01:44.052Z] Checked if tokens are valid: true, expires at: 1785931297451
[debug] [2026-08-05T11:01:44.052Z] Checked if tokens are valid: true, expires at: 1785931297451
[debug] [2026-08-05T11:01:44.052Z] Checked if tokens are valid: true, expires at: 1785931297451
[debug] [2026-08-05T11:01:44.052Z] Checked if tokens are valid: true, expires at: 1785931297451
[debug] [2026-08-05T11:01:44.052Z] Checked if tokens are valid: true, expires at: 1785931297451
[debug] [2026-08-05T11:01:44.053Z] Checked if tokens are valid: true, expires at: 1785931297451
[debug] [2026-08-05T11:01:44.053Z] Checked if tokens are valid: true, expires at: 1785931297451
[debug] [2026-08-05T11:01:44.054Z] Checked if tokens are valid: true, expires at: 1785931297451
[debug] [2026-08-05T11:01:44.054Z] Checked if tokens are valid: true, expires at: 1785931297451
[debug] [2026-08-05T11:01:44.055Z] Checked if tokens are valid: true, expires at: 1785931297451
[debug] [2026-08-05T11:01:44.055Z] Checked if tokens are valid: true, expires at: 1785931297451
[debug] [2026-08-05T11:01:44.056Z] Checked if tokens are valid: true, expires at: 1785931297451
[debug] [2026-08-05T11:01:44.057Z] Checked if tokens are valid: true, expires at: 1785931297451
[debug] [2026-08-05T11:01:44.058Z] Checked if tokens are valid: true, expires at: 1785931297451
[debug] [2026-08-05T11:01:44.058Z] Checked if tokens are valid: true, expires at: 1785931297451
[debug] [2026-08-05T11:01:44.059Z] Checked if tokens are valid: true, expires at: 1785931297451
[debug] [2026-08-05T11:01:44.059Z] Checked if tokens are valid: true, expires at: 1785931297451
[debug] [2026-08-05T11:01:44.060Z] Checked if tokens are valid: true, expires at: 1785931297451
[debug] [2026-08-05T11:01:44.060Z] Checked if tokens are valid: true, expires at: 1785931297451
[debug] [2026-08-05T11:01:44.060Z] Checked if tokens are valid: true, expires at: 1785931297451
[debug] [2026-08-05T11:01:44.060Z] Checked if tokens are valid: true, expires at: 1785931297451
[debug] [2026-08-05T11:01:44.060Z] Checked if tokens are valid: true, expires at: 1785931297451
[debug] [2026-08-05T11:01:44.060Z] Checked if tokens are valid: true, expires at: 1785931297451
[debug] [2026-08-05T11:01:44.060Z] Checked if tokens are valid: true, expires at: 1785931297451
[debug] [2026-08-05T11:01:44.060Z] Checked if tokens are valid: true, expires at: 1785931297451
[debug] [2026-08-05T11:01:44.061Z] Checked if tokens are valid: true, expires at: 1785931297451
[debug] [2026-08-05T11:01:44.062Z] Checked if tokens are valid: true, expires at: 1785931297451
[debug] [2026-08-05T11:01:44.062Z] Checked if tokens are valid: true, expires at: 1785931297451
[debug] [2026-08-05T11:01:44.062Z] Checked if tokens are valid: true, expires at: 1785931297451
[debug] [2026-08-05T11:01:44.062Z] Checked if tokens are valid: true, expires at: 1785931297451
[debug] [2026-08-05T11:01:44.063Z] Checked if tokens are valid: true, expires at: 1785931297451
[debug] [2026-08-05T11:01:44.063Z] Checked if tokens are valid: true, expires at: 1785931297451
[debug] [2026-08-05T11:01:44.063Z] Checked if tokens are valid: true, expires at: 1785931297451
[debug] [2026-08-05T11:01:44.063Z] Checked if tokens are valid: true, expires at: 1785931297451
[debug] [2026-08-05T11:01:44.063Z] Checked if tokens are valid: true, expires at: 1785931297451
[debug] [2026-08-05T11:01:44.063Z] Checked if tokens are valid: true, expires at: 1785931297451
[debug] [2026-08-05T11:01:44.063Z] Checked if tokens are valid: true, expires at: 1785931297451
[debug] [2026-08-05T11:01:44.065Z] Checked if tokens are valid: true, expires at: 1785931297451
[debug] [2026-08-05T11:01:44.065Z] Checked if tokens are valid: true, expires at: 1785931297451
[debug] [2026-08-05T11:01:44.066Z] Checked if tokens are valid: true, expires at: 1785931297451
[debug] [2026-08-05T11:01:44.066Z] Checked if tokens are valid: true, expires at: 1785931297451
[debug] [2026-08-05T11:01:44.066Z] Checked if tokens are valid: true, expires at: 1785931297451
[debug] [2026-08-05T11:01:44.066Z] Checked if tokens are valid: true, expires at: 1785931297451
[debug] [2026-08-05T11:01:44.066Z] Checked if tokens are valid: true, expires at: 1785931297451
[debug] [2026-08-05T11:01:44.066Z] Checked if tokens are valid: true, expires at: 1785931297451
[debug] [2026-08-05T11:01:44.066Z] Checked if tokens are valid: true, expires at: 1785931297451
[debug] [2026-08-05T11:01:44.067Z] Checked if tokens are valid: true, expires at: 1785931297451
[debug] [2026-08-05T11:01:44.067Z] Checked if tokens are valid: true, expires at: 1785931297451
[debug] [2026-08-05T11:01:44.067Z] Checked if tokens are valid: true, expires at: 1785931297451
[debug] [2026-08-05T11:01:44.069Z] Checked if tokens are valid: true, expires at: 1785931297451
[debug] [2026-08-05T11:01:44.069Z] Checked if tokens are valid: true, expires at: 1785931297451
[debug] [2026-08-05T11:01:44.069Z] Checked if tokens are valid: true, expires at: 1785931297451
[debug] [2026-08-05T11:01:44.069Z] Checked if tokens are valid: true, expires at: 1785931297451
[debug] [2026-08-05T11:01:44.069Z] Checked if tokens are valid: true, expires at: 1785931297451
[debug] [2026-08-05T11:01:44.069Z] Checked if tokens are valid: true, expires at: 1785931297451
[debug] [2026-08-05T11:01:44.069Z] Checked if tokens are valid: true, expires at: 1785931297451
[debug] [2026-08-05T11:01:44.069Z] Checked if tokens are valid: true, expires at: 1785931297451
[debug] [2026-08-05T11:01:44.070Z] Checked if tokens are valid: true, expires at: 1785931297451
[debug] [2026-08-05T11:01:44.070Z] Checked if tokens are valid: true, expires at: 1785931297451
[debug] [2026-08-05T11:01:44.070Z] Checked if tokens are valid: true, expires at: 1785931297451
[debug] [2026-08-05T11:01:44.070Z] Checked if tokens are valid: true, expires at: 1785931297451
[debug] [2026-08-05T11:01:44.070Z] Checked if tokens are valid: true, expires at: 1785931297451
[debug] [2026-08-05T11:01:44.070Z] Checked if tokens are valid: true, expires at: 1785931297451
[debug] [2026-08-05T11:01:44.070Z] Checked if tokens are valid: true, expires at: 1785931297451
[debug] [2026-08-05T11:01:44.070Z] Checked if tokens are valid: true, expires at: 1785931297451
[debug] [2026-08-05T11:01:44.071Z] Checked if tokens are valid: true, expires at: 1785931297451
[debug] [2026-08-05T11:01:44.071Z] Checked if tokens are valid: true, expires at: 1785931297451
[debug] [2026-08-05T11:01:44.072Z] Checked if tokens are valid: true, expires at: 1785931297451
[debug] [2026-08-05T11:01:44.072Z] Checked if tokens are valid: true, expires at: 1785931297451
[debug] [2026-08-05T11:01:44.072Z] Checked if tokens are valid: true, expires at: 1785931297451
[debug] [2026-08-05T11:01:44.072Z] Checked if tokens are valid: true, expires at: 1785931297451
[debug] [2026-08-05T11:01:44.072Z] Checked if tokens are valid: true, expires at: 1785931297451
[debug] [2026-08-05T11:01:44.072Z] Checked if tokens are valid: true, expires at: 1785931297451
[debug] [2026-08-05T11:01:44.072Z] Checked if tokens are valid: true, expires at: 1785931297451
[debug] [2026-08-05T11:01:44.072Z] Checked if tokens are valid: true, expires at: 1785931297451
[debug] [2026-08-05T11:01:44.072Z] Checked if tokens are valid: true, expires at: 1785931297451
[debug] [2026-08-05T11:01:44.072Z] Checked if tokens are valid: true, expires at: 1785931297451
[debug] [2026-08-05T11:01:44.072Z] Checked if tokens are valid: true, expires at: 1785931297451
[debug] [2026-08-05T11:01:44.072Z] Checked if tokens are valid: true, expires at: 1785931297451
[debug] [2026-08-05T11:01:44.076Z] Checked if tokens are valid: true, expires at: 1785931297451
[debug] [2026-08-05T11:01:44.076Z] Checked if tokens are valid: true, expires at: 1785931297451
[debug] [2026-08-05T11:01:44.077Z] Checked if tokens are valid: true, expires at: 1785931297451
[debug] [2026-08-05T11:01:44.077Z] Checked if tokens are valid: true, expires at: 1785931297451
[debug] [2026-08-05T11:01:44.077Z] Checked if tokens are valid: true, expires at: 1785931297451
[debug] [2026-08-05T11:01:44.077Z] Checked if tokens are valid: true, expires at: 1785931297451
[debug] [2026-08-05T11:01:44.077Z] Checked if tokens are valid: true, expires at: 1785931297451
[debug] [2026-08-05T11:01:44.077Z] Checked if tokens are valid: true, expires at: 1785931297451
[debug] [2026-08-05T11:01:44.077Z] Checked if tokens are valid: true, expires at: 1785931297451
[debug] [2026-08-05T11:01:44.077Z] Checked if tokens are valid: true, expires at: 1785931297451
[debug] [2026-08-05T11:01:44.078Z] >>> [apiv2][query] POST https://upload-firebasehosting.googleapis.com/upload/sites/future-factory-377ef/versions/c9921f9eb4d4c957/files/d1bad6817881fb88971a6513bd9986cf18aaf1f0bcff827a66eaddd3f5b12d4e [none]
[debug] [2026-08-05T11:01:44.078Z] >>> [apiv2][body] POST https://upload-firebasehosting.googleapis.com/upload/sites/future-factory-377ef/versions/c9921f9eb4d4c957/files/d1bad6817881fb88971a6513bd9986cf18aaf1f0bcff827a66eaddd3f5b12d4e [stream]
[debug] [2026-08-05T11:01:44.080Z] >>> [apiv2][query] POST https://upload-firebasehosting.googleapis.com/upload/sites/future-factory-377ef/versions/c9921f9eb4d4c957/files/d8c4da658f5d3effb7f6da6c02f71499e375086b4314bac9979dbd87ee367eb1 [none]
[debug] [2026-08-05T11:01:44.080Z] >>> [apiv2][body] POST https://upload-firebasehosting.googleapis.com/upload/sites/future-factory-377ef/versions/c9921f9eb4d4c957/files/d8c4da658f5d3effb7f6da6c02f71499e375086b4314bac9979dbd87ee367eb1 [stream]
[debug] [2026-08-05T11:01:44.083Z] >>> [apiv2][query] POST https://upload-firebasehosting.googleapis.com/upload/sites/future-factory-377ef/versions/c9921f9eb4d4c957/files/2349a5a6a815a5fcbc7cc46c3ecf2c859798d334db1ce40aa597f7647f19fc4c [none]
[debug] [2026-08-05T11:01:44.083Z] >>> [apiv2][body] POST https://upload-firebasehosting.googleapis.com/upload/sites/future-factory-377ef/versions/c9921f9eb4d4c957/files/2349a5a6a815a5fcbc7cc46c3ecf2c859798d334db1ce40aa597f7647f19fc4c [stream]
[debug] [2026-08-05T11:01:44.085Z] >>> [apiv2][query] POST https://upload-firebasehosting.googleapis.com/upload/sites/future-factory-377ef/versions/c9921f9eb4d4c957/files/157bc21a3f1ddca04ad6865e18243dda5c2626981c838d08ca16258ed418e477 [none]
[debug] [2026-08-05T11:01:44.085Z] >>> [apiv2][body] POST https://upload-firebasehosting.googleapis.com/upload/sites/future-factory-377ef/versions/c9921f9eb4d4c957/files/157bc21a3f1ddca04ad6865e18243dda5c2626981c838d08ca16258ed418e477 [stream]
[debug] [2026-08-05T11:01:44.086Z] >>> [apiv2][query] POST https://upload-firebasehosting.googleapis.com/upload/sites/future-factory-377ef/versions/c9921f9eb4d4c957/files/59c2348079a4588ef897dc587aad69f6fd8507063bc91289e1d3497e5be61e3d [none]
[debug] [2026-08-05T11:01:44.086Z] >>> [apiv2][body] POST https://upload-firebasehosting.googleapis.com/upload/sites/future-factory-377ef/versions/c9921f9eb4d4c957/files/59c2348079a4588ef897dc587aad69f6fd8507063bc91289e1d3497e5be61e3d [stream]
[debug] [2026-08-05T11:01:44.090Z] >>> [apiv2][query] POST https://upload-firebasehosting.googleapis.com/upload/sites/future-factory-377ef/versions/c9921f9eb4d4c957/files/cb107d3925fa9aa20609cd5b0119d8fefd32e24446905ce57ff2c5e062b2dc77 [none]
[debug] [2026-08-05T11:01:44.090Z] >>> [apiv2][body] POST https://upload-firebasehosting.googleapis.com/upload/sites/future-factory-377ef/versions/c9921f9eb4d4c957/files/cb107d3925fa9aa20609cd5b0119d8fefd32e24446905ce57ff2c5e062b2dc77 [stream]
[debug] [2026-08-05T11:01:44.091Z] >>> [apiv2][query] POST https://upload-firebasehosting.googleapis.com/upload/sites/future-factory-377ef/versions/c9921f9eb4d4c957/files/b82ecc373f22b6ddf8d92dc6657b38e59751d93412402adcf71981da6ed021b9 [none]
[debug] [2026-08-05T11:01:44.091Z] >>> [apiv2][body] POST https://upload-firebasehosting.googleapis.com/upload/sites/future-factory-377ef/versions/c9921f9eb4d4c957/files/b82ecc373f22b6ddf8d92dc6657b38e59751d93412402adcf71981da6ed021b9 [stream]
[debug] [2026-08-05T11:01:44.092Z] >>> [apiv2][query] POST https://upload-firebasehosting.googleapis.com/upload/sites/future-factory-377ef/versions/c9921f9eb4d4c957/files/da8ddf0187cd8e71883c83079538039042d83dd701d19177d8c290ccf8fef12f [none]
[debug] [2026-08-05T11:01:44.092Z] >>> [apiv2][body] POST https://upload-firebasehosting.googleapis.com/upload/sites/future-factory-377ef/versions/c9921f9eb4d4c957/files/da8ddf0187cd8e71883c83079538039042d83dd701d19177d8c290ccf8fef12f [stream]
[debug] [2026-08-05T11:01:44.093Z] >>> [apiv2][query] POST https://upload-firebasehosting.googleapis.com/upload/sites/future-factory-377ef/versions/c9921f9eb4d4c957/files/38115cbf2e76954cb74d257084417bb089ce6aad67b667da6065536d93e33f13 [none]
[debug] [2026-08-05T11:01:44.093Z] >>> [apiv2][body] POST https://upload-firebasehosting.googleapis.com/upload/sites/future-factory-377ef/versions/c9921f9eb4d4c957/files/38115cbf2e76954cb74d257084417bb089ce6aad67b667da6065536d93e33f13 [stream]
[debug] [2026-08-05T11:01:44.095Z] >>> [apiv2][query] POST https://upload-firebasehosting.googleapis.com/upload/sites/future-factory-377ef/versions/c9921f9eb4d4c957/files/8c65014811c496f167672b84335b1df65b84cd3ed970dd5b283bb7d6d720a8eb [none]
[debug] [2026-08-05T11:01:44.095Z] >>> [apiv2][body] POST https://upload-firebasehosting.googleapis.com/upload/sites/future-factory-377ef/versions/c9921f9eb4d4c957/files/8c65014811c496f167672b84335b1df65b84cd3ed970dd5b283bb7d6d720a8eb [stream]
[debug] [2026-08-05T11:01:44.096Z] >>> [apiv2][query] POST https://upload-firebasehosting.googleapis.com/upload/sites/future-factory-377ef/versions/c9921f9eb4d4c957/files/f5b74edcf385e543b7f0a78852ea554344607911167c607749f4baa5467ca9f8 [none]
[debug] [2026-08-05T11:01:44.097Z] >>> [apiv2][body] POST https://upload-firebasehosting.googleapis.com/upload/sites/future-factory-377ef/versions/c9921f9eb4d4c957/files/f5b74edcf385e543b7f0a78852ea554344607911167c607749f4baa5467ca9f8 [stream]
[debug] [2026-08-05T11:01:44.099Z] >>> [apiv2][query] POST https://upload-firebasehosting.googleapis.com/upload/sites/future-factory-377ef/versions/c9921f9eb4d4c957/files/a3f7ab8c649e3a58c2e16a7bd4395851852a3c3a48b91f6bff6a9f916c1bd8c4 [none]
[debug] [2026-08-05T11:01:44.099Z] >>> [apiv2][body] POST https://upload-firebasehosting.googleapis.com/upload/sites/future-factory-377ef/versions/c9921f9eb4d4c957/files/a3f7ab8c649e3a58c2e16a7bd4395851852a3c3a48b91f6bff6a9f916c1bd8c4 [stream]
[debug] [2026-08-05T11:01:44.100Z] >>> [apiv2][query] POST https://upload-firebasehosting.googleapis.com/upload/sites/future-factory-377ef/versions/c9921f9eb4d4c957/files/9435a3832e294b2905544632a34c3e360560e4e87eaac5408feee0ae9e484a70 [none]
[debug] [2026-08-05T11:01:44.100Z] >>> [apiv2][body] POST https://upload-firebasehosting.googleapis.com/upload/sites/future-factory-377ef/versions/c9921f9eb4d4c957/files/9435a3832e294b2905544632a34c3e360560e4e87eaac5408feee0ae9e484a70 [stream]
[debug] [2026-08-05T11:01:44.101Z] >>> [apiv2][query] POST https://upload-firebasehosting.googleapis.com/upload/sites/future-factory-377ef/versions/c9921f9eb4d4c957/files/0bf5aae29d91305d1894bab0a791ea46a0a2e13bded6243230a6600906611a87 [none]
[debug] [2026-08-05T11:01:44.101Z] >>> [apiv2][body] POST https://upload-firebasehosting.googleapis.com/upload/sites/future-factory-377ef/versions/c9921f9eb4d4c957/files/0bf5aae29d91305d1894bab0a791ea46a0a2e13bded6243230a6600906611a87 [stream]
[debug] [2026-08-05T11:01:44.103Z] >>> [apiv2][query] POST https://upload-firebasehosting.googleapis.com/upload/sites/future-factory-377ef/versions/c9921f9eb4d4c957/files/e292baa5f1e45eb5242b470b20b1ddc09d7cc2389839010a2a6f38ff55b95cfd [none]
[debug] [2026-08-05T11:01:44.103Z] >>> [apiv2][body] POST https://upload-firebasehosting.googleapis.com/upload/sites/future-factory-377ef/versions/c9921f9eb4d4c957/files/e292baa5f1e45eb5242b470b20b1ddc09d7cc2389839010a2a6f38ff55b95cfd [stream]
[debug] [2026-08-05T11:01:44.106Z] >>> [apiv2][query] POST https://upload-firebasehosting.googleapis.com/upload/sites/future-factory-377ef/versions/c9921f9eb4d4c957/files/f5b0ec18b6f4e5098f95d136d078169a77d970b9828156e6686b6399a5a4ab9b [none]
[debug] [2026-08-05T11:01:44.106Z] >>> [apiv2][body] POST https://upload-firebasehosting.googleapis.com/upload/sites/future-factory-377ef/versions/c9921f9eb4d4c957/files/f5b0ec18b6f4e5098f95d136d078169a77d970b9828156e6686b6399a5a4ab9b [stream]
[debug] [2026-08-05T11:01:44.108Z] >>> [apiv2][query] POST https://upload-firebasehosting.googleapis.com/upload/sites/future-factory-377ef/versions/c9921f9eb4d4c957/files/4991153e7228449e8b1887a8ec4419e53dfe8e2d73ed3f75daa0d0f13cb69384 [none]
[debug] [2026-08-05T11:01:44.109Z] >>> [apiv2][body] POST https://upload-firebasehosting.googleapis.com/upload/sites/future-factory-377ef/versions/c9921f9eb4d4c957/files/4991153e7228449e8b1887a8ec4419e53dfe8e2d73ed3f75daa0d0f13cb69384 [stream]
[debug] [2026-08-05T11:01:44.110Z] >>> [apiv2][query] POST https://upload-firebasehosting.googleapis.com/upload/sites/future-factory-377ef/versions/c9921f9eb4d4c957/files/ad273362d65a67772ca901cc6c4a2cb200e8a805906c22c195b4831114241a39 [none]
[debug] [2026-08-05T11:01:44.110Z] >>> [apiv2][body] POST https://upload-firebasehosting.googleapis.com/upload/sites/future-factory-377ef/versions/c9921f9eb4d4c957/files/ad273362d65a67772ca901cc6c4a2cb200e8a805906c22c195b4831114241a39 [stream]
[debug] [2026-08-05T11:01:44.111Z] >>> [apiv2][query] POST https://upload-firebasehosting.googleapis.com/upload/sites/future-factory-377ef/versions/c9921f9eb4d4c957/files/e656af8b525e4af5dd71983481323071020249debc2fb2c29d7679c9b2fb859d [none]
[debug] [2026-08-05T11:01:44.111Z] >>> [apiv2][body] POST https://upload-firebasehosting.googleapis.com/upload/sites/future-factory-377ef/versions/c9921f9eb4d4c957/files/e656af8b525e4af5dd71983481323071020249debc2fb2c29d7679c9b2fb859d [stream]
[debug] [2026-08-05T11:01:44.113Z] >>> [apiv2][query] POST https://upload-firebasehosting.googleapis.com/upload/sites/future-factory-377ef/versions/c9921f9eb4d4c957/files/957453300a99ff3f179ad74906aa8fce9e95e579edb303d570bf9db804bd47ec [none]
[debug] [2026-08-05T11:01:44.113Z] >>> [apiv2][body] POST https://upload-firebasehosting.googleapis.com/upload/sites/future-factory-377ef/versions/c9921f9eb4d4c957/files/957453300a99ff3f179ad74906aa8fce9e95e579edb303d570bf9db804bd47ec [stream]
[debug] [2026-08-05T11:01:44.114Z] >>> [apiv2][query] POST https://upload-firebasehosting.googleapis.com/upload/sites/future-factory-377ef/versions/c9921f9eb4d4c957/files/f24aabcda1f129f3782546345746c36b96a5391cf7c49cb2930ede5b49f7942e [none]
[debug] [2026-08-05T11:01:44.114Z] >>> [apiv2][body] POST https://upload-firebasehosting.googleapis.com/upload/sites/future-factory-377ef/versions/c9921f9eb4d4c957/files/f24aabcda1f129f3782546345746c36b96a5391cf7c49cb2930ede5b49f7942e [stream]
[debug] [2026-08-05T11:01:44.115Z] >>> [apiv2][query] POST https://upload-firebasehosting.googleapis.com/upload/sites/future-factory-377ef/versions/c9921f9eb4d4c957/files/17200b30f6a54a1cb22e264450f1322bb4f47f2607231f4d589bf8751f71e19d [none]
[debug] [2026-08-05T11:01:44.115Z] >>> [apiv2][body] POST https://upload-firebasehosting.googleapis.com/upload/sites/future-factory-377ef/versions/c9921f9eb4d4c957/files/17200b30f6a54a1cb22e264450f1322bb4f47f2607231f4d589bf8751f71e19d [stream]
[debug] [2026-08-05T11:01:44.116Z] >>> [apiv2][query] POST https://upload-firebasehosting.googleapis.com/upload/sites/future-factory-377ef/versions/c9921f9eb4d4c957/files/b8f786134f95a281b0295d50ea40aadfe7838608e178abb940731575b7cbef4a [none]
[debug] [2026-08-05T11:01:44.116Z] >>> [apiv2][body] POST https://upload-firebasehosting.googleapis.com/upload/sites/future-factory-377ef/versions/c9921f9eb4d4c957/files/b8f786134f95a281b0295d50ea40aadfe7838608e178abb940731575b7cbef4a [stream]
[debug] [2026-08-05T11:01:44.123Z] >>> [apiv2][query] POST https://upload-firebasehosting.googleapis.com/upload/sites/future-factory-377ef/versions/c9921f9eb4d4c957/files/dfb393a6ebfac9ea273b08efb1211077f07efbe79e5a3180b847520617d1f4e4 [none]
[debug] [2026-08-05T11:01:44.123Z] >>> [apiv2][body] POST https://upload-firebasehosting.googleapis.com/upload/sites/future-factory-377ef/versions/c9921f9eb4d4c957/files/dfb393a6ebfac9ea273b08efb1211077f07efbe79e5a3180b847520617d1f4e4 [stream]
[debug] [2026-08-05T11:01:44.124Z] >>> [apiv2][query] POST https://upload-firebasehosting.googleapis.com/upload/sites/future-factory-377ef/versions/c9921f9eb4d4c957/files/b3d3211780885a207e03b84f1f2015f58c515f20a87375affdb3bb5dd4a24dc3 [none]
[debug] [2026-08-05T11:01:44.124Z] >>> [apiv2][body] POST https://upload-firebasehosting.googleapis.com/upload/sites/future-factory-377ef/versions/c9921f9eb4d4c957/files/b3d3211780885a207e03b84f1f2015f58c515f20a87375affdb3bb5dd4a24dc3 [stream]
[debug] [2026-08-05T11:01:44.126Z] >>> [apiv2][query] POST https://upload-firebasehosting.googleapis.com/upload/sites/future-factory-377ef/versions/c9921f9eb4d4c957/files/4855e0cd05dee401682df0468e9be318f20abed993c1553d49e3b38846022729 [none]
[debug] [2026-08-05T11:01:44.126Z] >>> [apiv2][body] POST https://upload-firebasehosting.googleapis.com/upload/sites/future-factory-377ef/versions/c9921f9eb4d4c957/files/4855e0cd05dee401682df0468e9be318f20abed993c1553d49e3b38846022729 [stream]
[debug] [2026-08-05T11:01:44.127Z] >>> [apiv2][query] POST https://upload-firebasehosting.googleapis.com/upload/sites/future-factory-377ef/versions/c9921f9eb4d4c957/files/1a45911086a252275a4535079f5c2e9ad768254c886a43a2d5c2445672e599b4 [none]
[debug] [2026-08-05T11:01:44.127Z] >>> [apiv2][body] POST https://upload-firebasehosting.googleapis.com/upload/sites/future-factory-377ef/versions/c9921f9eb4d4c957/files/1a45911086a252275a4535079f5c2e9ad768254c886a43a2d5c2445672e599b4 [stream]
[debug] [2026-08-05T11:01:44.129Z] >>> [apiv2][query] POST https://upload-firebasehosting.googleapis.com/upload/sites/future-factory-377ef/versions/c9921f9eb4d4c957/files/e0bf6599b09e58258295f890e4024554eae739ffeec2f1cfa770266833d48d7b [none]
[debug] [2026-08-05T11:01:44.129Z] >>> [apiv2][body] POST https://upload-firebasehosting.googleapis.com/upload/sites/future-factory-377ef/versions/c9921f9eb4d4c957/files/e0bf6599b09e58258295f890e4024554eae739ffeec2f1cfa770266833d48d7b [stream]
[debug] [2026-08-05T11:01:44.131Z] >>> [apiv2][query] POST https://upload-firebasehosting.googleapis.com/upload/sites/future-factory-377ef/versions/c9921f9eb4d4c957/files/c3d5bcc4c3b4b4f233bdbaa7bb6acb0b70657539b9ca0308465524cdaba2947e [none]
[debug] [2026-08-05T11:01:44.131Z] >>> [apiv2][body] POST https://upload-firebasehosting.googleapis.com/upload/sites/future-factory-377ef/versions/c9921f9eb4d4c957/files/c3d5bcc4c3b4b4f233bdbaa7bb6acb0b70657539b9ca0308465524cdaba2947e [stream]
[debug] [2026-08-05T11:01:44.135Z] >>> [apiv2][query] POST https://upload-firebasehosting.googleapis.com/upload/sites/future-factory-377ef/versions/c9921f9eb4d4c957/files/aaa269c04ff9752b2267e7ab1f5377763470ea1da58d8bbc185d61c146740380 [none]
[debug] [2026-08-05T11:01:44.136Z] >>> [apiv2][body] POST https://upload-firebasehosting.googleapis.com/upload/sites/future-factory-377ef/versions/c9921f9eb4d4c957/files/aaa269c04ff9752b2267e7ab1f5377763470ea1da58d8bbc185d61c146740380 [stream]
[debug] [2026-08-05T11:01:44.137Z] >>> [apiv2][query] POST https://upload-firebasehosting.googleapis.com/upload/sites/future-factory-377ef/versions/c9921f9eb4d4c957/files/3a6cd485b30aa62275e87b856980267769ee63c0b4c1d9fcbac9143887df6bb6 [none]
[debug] [2026-08-05T11:01:44.140Z] >>> [apiv2][body] POST https://upload-firebasehosting.googleapis.com/upload/sites/future-factory-377ef/versions/c9921f9eb4d4c957/files/3a6cd485b30aa62275e87b856980267769ee63c0b4c1d9fcbac9143887df6bb6 [stream]
[debug] [2026-08-05T11:01:44.141Z] >>> [apiv2][query] POST https://upload-firebasehosting.googleapis.com/upload/sites/future-factory-377ef/versions/c9921f9eb4d4c957/files/8edf2b23c5c225559bdc85c99ee86a9fefbf842036a9c41729ffaa205b3bc2ab [none]
[debug] [2026-08-05T11:01:44.141Z] >>> [apiv2][body] POST https://upload-firebasehosting.googleapis.com/upload/sites/future-factory-377ef/versions/c9921f9eb4d4c957/files/8edf2b23c5c225559bdc85c99ee86a9fefbf842036a9c41729ffaa205b3bc2ab [stream]
[debug] [2026-08-05T11:01:44.142Z] >>> [apiv2][query] POST https://upload-firebasehosting.googleapis.com/upload/sites/future-factory-377ef/versions/c9921f9eb4d4c957/files/c6d4e3d0fa0d5b2c660fe3f585626d4e80242b53e63ee41300c961e41a579fe6 [none]
[debug] [2026-08-05T11:01:44.142Z] >>> [apiv2][body] POST https://upload-firebasehosting.googleapis.com/upload/sites/future-factory-377ef/versions/c9921f9eb4d4c957/files/c6d4e3d0fa0d5b2c660fe3f585626d4e80242b53e63ee41300c961e41a579fe6 [stream]
[debug] [2026-08-05T11:01:44.143Z] >>> [apiv2][query] POST https://upload-firebasehosting.googleapis.com/upload/sites/future-factory-377ef/versions/c9921f9eb4d4c957/files/0f5dfa487281050f45e08196b1d60426d559055d45004f0fc697fd4fcd390b59 [none]
[debug] [2026-08-05T11:01:44.143Z] >>> [apiv2][body] POST https://upload-firebasehosting.googleapis.com/upload/sites/future-factory-377ef/versions/c9921f9eb4d4c957/files/0f5dfa487281050f45e08196b1d60426d559055d45004f0fc697fd4fcd390b59 [stream]
[debug] [2026-08-05T11:01:44.145Z] >>> [apiv2][query] POST https://upload-firebasehosting.googleapis.com/upload/sites/future-factory-377ef/versions/c9921f9eb4d4c957/files/098bd888cbd4435ef1f7467038bebc275203254f2011f6cfcb3853c248708cd9 [none]
[debug] [2026-08-05T11:01:44.145Z] >>> [apiv2][body] POST https://upload-firebasehosting.googleapis.com/upload/sites/future-factory-377ef/versions/c9921f9eb4d4c957/files/098bd888cbd4435ef1f7467038bebc275203254f2011f6cfcb3853c248708cd9 [stream]
[debug] [2026-08-05T11:01:44.147Z] >>> [apiv2][query] POST https://upload-firebasehosting.googleapis.com/upload/sites/future-factory-377ef/versions/c9921f9eb4d4c957/files/824bc8b2a4c86b5db3cef7cd9342e969250bd7544dba134cfe824e0dc60155ff [none]
[debug] [2026-08-05T11:01:44.147Z] >>> [apiv2][body] POST https://upload-firebasehosting.googleapis.com/upload/sites/future-factory-377ef/versions/c9921f9eb4d4c957/files/824bc8b2a4c86b5db3cef7cd9342e969250bd7544dba134cfe824e0dc60155ff [stream]
[debug] [2026-08-05T11:01:44.147Z] >>> [apiv2][query] POST https://upload-firebasehosting.googleapis.com/upload/sites/future-factory-377ef/versions/c9921f9eb4d4c957/files/f6e69124fb9db07194fc135cf5552e1f806cb229ddc9aee2ceefea76f270501b [none]
[debug] [2026-08-05T11:01:44.147Z] >>> [apiv2][body] POST https://upload-firebasehosting.googleapis.com/upload/sites/future-factory-377ef/versions/c9921f9eb4d4c957/files/f6e69124fb9db07194fc135cf5552e1f806cb229ddc9aee2ceefea76f270501b [stream]
[debug] [2026-08-05T11:01:44.150Z] >>> [apiv2][query] POST https://upload-firebasehosting.googleapis.com/upload/sites/future-factory-377ef/versions/c9921f9eb4d4c957/files/c889668b9b3bca7cc50e7493589edad95b16442c655e215b9bc930fe39a5d7e8 [none]
[debug] [2026-08-05T11:01:44.150Z] >>> [apiv2][body] POST https://upload-firebasehosting.googleapis.com/upload/sites/future-factory-377ef/versions/c9921f9eb4d4c957/files/c889668b9b3bca7cc50e7493589edad95b16442c655e215b9bc930fe39a5d7e8 [stream]
[debug] [2026-08-05T11:01:44.154Z] >>> [apiv2][query] POST https://upload-firebasehosting.googleapis.com/upload/sites/future-factory-377ef/versions/c9921f9eb4d4c957/files/70fb6ea25a2df472c16d5b9a633ca4db78d131668b2657e51785002972e024e3 [none]
[debug] [2026-08-05T11:01:44.154Z] >>> [apiv2][body] POST https://upload-firebasehosting.googleapis.com/upload/sites/future-factory-377ef/versions/c9921f9eb4d4c957/files/70fb6ea25a2df472c16d5b9a633ca4db78d131668b2657e51785002972e024e3 [stream]
[debug] [2026-08-05T11:01:44.155Z] >>> [apiv2][query] POST https://upload-firebasehosting.googleapis.com/upload/sites/future-factory-377ef/versions/c9921f9eb4d4c957/files/9d7b1ccab21fb8f073ffd7f0037f60cf504de200a224cd96b8a8a3680573416a [none]
[debug] [2026-08-05T11:01:44.156Z] >>> [apiv2][body] POST https://upload-firebasehosting.googleapis.com/upload/sites/future-factory-377ef/versions/c9921f9eb4d4c957/files/9d7b1ccab21fb8f073ffd7f0037f60cf504de200a224cd96b8a8a3680573416a [stream]
[debug] [2026-08-05T11:01:44.159Z] >>> [apiv2][query] POST https://upload-firebasehosting.googleapis.com/upload/sites/future-factory-377ef/versions/c9921f9eb4d4c957/files/379bbc99a41b73514a53d095b8a0ba41cfe30164cac8fc9c2de69ff42f7f74de [none]
[debug] [2026-08-05T11:01:44.159Z] >>> [apiv2][body] POST https://upload-firebasehosting.googleapis.com/upload/sites/future-factory-377ef/versions/c9921f9eb4d4c957/files/379bbc99a41b73514a53d095b8a0ba41cfe30164cac8fc9c2de69ff42f7f74de [stream]
[debug] [2026-08-05T11:01:44.160Z] >>> [apiv2][query] POST https://upload-firebasehosting.googleapis.com/upload/sites/future-factory-377ef/versions/c9921f9eb4d4c957/files/2a861f4fb7850f616b8dd16d2b7db5f2d34991aeee42557bc9716ed76cb548a1 [none]
[debug] [2026-08-05T11:01:44.160Z] >>> [apiv2][body] POST https://upload-firebasehosting.googleapis.com/upload/sites/future-factory-377ef/versions/c9921f9eb4d4c957/files/2a861f4fb7850f616b8dd16d2b7db5f2d34991aeee42557bc9716ed76cb548a1 [stream]
[debug] [2026-08-05T11:01:44.162Z] >>> [apiv2][query] POST https://upload-firebasehosting.googleapis.com/upload/sites/future-factory-377ef/versions/c9921f9eb4d4c957/files/ce417c72b381a4b940675fcf24acdb36efe29af13469196c9b88a594605c953f [none]
[debug] [2026-08-05T11:01:44.162Z] >>> [apiv2][body] POST https://upload-firebasehosting.googleapis.com/upload/sites/future-factory-377ef/versions/c9921f9eb4d4c957/files/ce417c72b381a4b940675fcf24acdb36efe29af13469196c9b88a594605c953f [stream]
[debug] [2026-08-05T11:01:44.163Z] >>> [apiv2][query] POST https://upload-firebasehosting.googleapis.com/upload/sites/future-factory-377ef/versions/c9921f9eb4d4c957/files/cd195931ecafd8d7aed117935e87a1cf6a047f3094350b1338a0f0ed12ebcbbe [none]
[debug] [2026-08-05T11:01:44.163Z] >>> [apiv2][body] POST https://upload-firebasehosting.googleapis.com/upload/sites/future-factory-377ef/versions/c9921f9eb4d4c957/files/cd195931ecafd8d7aed117935e87a1cf6a047f3094350b1338a0f0ed12ebcbbe [stream]
[debug] [2026-08-05T11:01:44.165Z] >>> [apiv2][query] POST https://upload-firebasehosting.googleapis.com/upload/sites/future-factory-377ef/versions/c9921f9eb4d4c957/files/8297b458fa41da5f310499a793193fe693eafd1e6f15628214322bc8775e3804 [none]
[debug] [2026-08-05T11:01:44.165Z] >>> [apiv2][body] POST https://upload-firebasehosting.googleapis.com/upload/sites/future-factory-377ef/versions/c9921f9eb4d4c957/files/8297b458fa41da5f310499a793193fe693eafd1e6f15628214322bc8775e3804 [stream]
[debug] [2026-08-05T11:01:44.166Z] >>> [apiv2][query] POST https://upload-firebasehosting.googleapis.com/upload/sites/future-factory-377ef/versions/c9921f9eb4d4c957/files/3f28838fb4a16b8df6aabd219160db278ae3042b180964e7f31ad9b9b9e41191 [none]
[debug] [2026-08-05T11:01:44.166Z] >>> [apiv2][body] POST https://upload-firebasehosting.googleapis.com/upload/sites/future-factory-377ef/versions/c9921f9eb4d4c957/files/3f28838fb4a16b8df6aabd219160db278ae3042b180964e7f31ad9b9b9e41191 [stream]
[debug] [2026-08-05T11:01:44.167Z] >>> [apiv2][query] POST https://upload-firebasehosting.googleapis.com/upload/sites/future-factory-377ef/versions/c9921f9eb4d4c957/files/4507a36bb2b109302579553dfef8d3042638456616de0b379f9e95f2dd017845 [none]
[debug] [2026-08-05T11:01:44.167Z] >>> [apiv2][body] POST https://upload-firebasehosting.googleapis.com/upload/sites/future-factory-377ef/versions/c9921f9eb4d4c957/files/4507a36bb2b109302579553dfef8d3042638456616de0b379f9e95f2dd017845 [stream]
[debug] [2026-08-05T11:01:44.168Z] >>> [apiv2][query] POST https://upload-firebasehosting.googleapis.com/upload/sites/future-factory-377ef/versions/c9921f9eb4d4c957/files/efded0df28cdd811d230be7244f9126c5c9a884de588b445e381feb2fc8f0735 [none]
[debug] [2026-08-05T11:01:44.169Z] >>> [apiv2][body] POST https://upload-firebasehosting.googleapis.com/upload/sites/future-factory-377ef/versions/c9921f9eb4d4c957/files/efded0df28cdd811d230be7244f9126c5c9a884de588b445e381feb2fc8f0735 [stream]
[debug] [2026-08-05T11:01:44.170Z] >>> [apiv2][query] POST https://upload-firebasehosting.googleapis.com/upload/sites/future-factory-377ef/versions/c9921f9eb4d4c957/files/855028668fdd11f443e09af9c860117fb1139c392235d4d872aa055fe413a9cb [none]
[debug] [2026-08-05T11:01:44.170Z] >>> [apiv2][body] POST https://upload-firebasehosting.googleapis.com/upload/sites/future-factory-377ef/versions/c9921f9eb4d4c957/files/855028668fdd11f443e09af9c860117fb1139c392235d4d872aa055fe413a9cb [stream]
[debug] [2026-08-05T11:01:44.172Z] >>> [apiv2][query] POST https://upload-firebasehosting.googleapis.com/upload/sites/future-factory-377ef/versions/c9921f9eb4d4c957/files/16e20bfd53fecc3e44184fe51c4b52c1a0ac1e115bfdde14fb31b037c697e212 [none]
[debug] [2026-08-05T11:01:44.172Z] >>> [apiv2][body] POST https://upload-firebasehosting.googleapis.com/upload/sites/future-factory-377ef/versions/c9921f9eb4d4c957/files/16e20bfd53fecc3e44184fe51c4b52c1a0ac1e115bfdde14fb31b037c697e212 [stream]
[debug] [2026-08-05T11:01:44.172Z] >>> [apiv2][query] POST https://upload-firebasehosting.googleapis.com/upload/sites/future-factory-377ef/versions/c9921f9eb4d4c957/files/8afe5a7245a37f8d34ce6291156715b91029fe0becf41222ba3b2eed9e3cdfc9 [none]
[debug] [2026-08-05T11:01:44.172Z] >>> [apiv2][body] POST https://upload-firebasehosting.googleapis.com/upload/sites/future-factory-377ef/versions/c9921f9eb4d4c957/files/8afe5a7245a37f8d34ce6291156715b91029fe0becf41222ba3b2eed9e3cdfc9 [stream]
[debug] [2026-08-05T11:01:44.174Z] >>> [apiv2][query] POST https://upload-firebasehosting.googleapis.com/upload/sites/future-factory-377ef/versions/c9921f9eb4d4c957/files/59739b76f08c6c14e0fbd5549e7097052a903e95a4ddedb81bf6dc56b1081da5 [none]
[debug] [2026-08-05T11:01:44.174Z] >>> [apiv2][body] POST https://upload-firebasehosting.googleapis.com/upload/sites/future-factory-377ef/versions/c9921f9eb4d4c957/files/59739b76f08c6c14e0fbd5549e7097052a903e95a4ddedb81bf6dc56b1081da5 [stream]
[debug] [2026-08-05T11:01:44.175Z] >>> [apiv2][query] POST https://upload-firebasehosting.googleapis.com/upload/sites/future-factory-377ef/versions/c9921f9eb4d4c957/files/c016c051245c3adfe4b4dc2b4eb5425a99a83ad51fbc5a5938da0744327b2328 [none]
[debug] [2026-08-05T11:01:44.175Z] >>> [apiv2][body] POST https://upload-firebasehosting.googleapis.com/upload/sites/future-factory-377ef/versions/c9921f9eb4d4c957/files/c016c051245c3adfe4b4dc2b4eb5425a99a83ad51fbc5a5938da0744327b2328 [stream]
[debug] [2026-08-05T11:01:44.176Z] >>> [apiv2][query] POST https://upload-firebasehosting.googleapis.com/upload/sites/future-factory-377ef/versions/c9921f9eb4d4c957/files/c07c357ef1d3dd66c5ffe66526a3d99795851b6ed93945cd6d2492c729b3873f [none]
[debug] [2026-08-05T11:01:44.176Z] >>> [apiv2][body] POST https://upload-firebasehosting.googleapis.com/upload/sites/future-factory-377ef/versions/c9921f9eb4d4c957/files/c07c357ef1d3dd66c5ffe66526a3d99795851b6ed93945cd6d2492c729b3873f [stream]
[debug] [2026-08-05T11:01:44.178Z] >>> [apiv2][query] POST https://upload-firebasehosting.googleapis.com/upload/sites/future-factory-377ef/versions/c9921f9eb4d4c957/files/9fd2afe24a0ded5419d238fc8d566ec2bea96f35a4916060bf3c6bcb552be983 [none]
[debug] [2026-08-05T11:01:44.178Z] >>> [apiv2][body] POST https://upload-firebasehosting.googleapis.com/upload/sites/future-factory-377ef/versions/c9921f9eb4d4c957/files/9fd2afe24a0ded5419d238fc8d566ec2bea96f35a4916060bf3c6bcb552be983 [stream]
[debug] [2026-08-05T11:01:44.179Z] >>> [apiv2][query] POST https://upload-firebasehosting.googleapis.com/upload/sites/future-factory-377ef/versions/c9921f9eb4d4c957/files/1d2c7e360b8536ce67cf379bc67ff482411e94493100965b288f98bb6c52e7bf [none]
[debug] [2026-08-05T11:01:44.179Z] >>> [apiv2][body] POST https://upload-firebasehosting.googleapis.com/upload/sites/future-factory-377ef/versions/c9921f9eb4d4c957/files/1d2c7e360b8536ce67cf379bc67ff482411e94493100965b288f98bb6c52e7bf [stream]
[debug] [2026-08-05T11:01:44.179Z] >>> [apiv2][query] POST https://upload-firebasehosting.googleapis.com/upload/sites/future-factory-377ef/versions/c9921f9eb4d4c957/files/934ebcc5c033e74d1d5b7501040fa3e3fb587ab5bcbaecaec45fa863e081cf89 [none]
[debug] [2026-08-05T11:01:44.179Z] >>> [apiv2][body] POST https://upload-firebasehosting.googleapis.com/upload/sites/future-factory-377ef/versions/c9921f9eb4d4c957/files/934ebcc5c033e74d1d5b7501040fa3e3fb587ab5bcbaecaec45fa863e081cf89 [stream]
[debug] [2026-08-05T11:01:44.181Z] >>> [apiv2][query] POST https://upload-firebasehosting.googleapis.com/upload/sites/future-factory-377ef/versions/c9921f9eb4d4c957/files/de4452f83704e36913e60fb5f1fb8eb9f2e84895b00cc4ea51aaacbffaed4dee [none]
[debug] [2026-08-05T11:01:44.181Z] >>> [apiv2][body] POST https://upload-firebasehosting.googleapis.com/upload/sites/future-factory-377ef/versions/c9921f9eb4d4c957/files/de4452f83704e36913e60fb5f1fb8eb9f2e84895b00cc4ea51aaacbffaed4dee [stream]
[debug] [2026-08-05T11:01:44.182Z] >>> [apiv2][query] POST https://upload-firebasehosting.googleapis.com/upload/sites/future-factory-377ef/versions/c9921f9eb4d4c957/files/48876bc4911386c017613967651681fb2d783c5409fc93c4b26e807994046106 [none]
[debug] [2026-08-05T11:01:44.183Z] >>> [apiv2][body] POST https://upload-firebasehosting.googleapis.com/upload/sites/future-factory-377ef/versions/c9921f9eb4d4c957/files/48876bc4911386c017613967651681fb2d783c5409fc93c4b26e807994046106 [stream]
[debug] [2026-08-05T11:01:44.184Z] >>> [apiv2][query] POST https://upload-firebasehosting.googleapis.com/upload/sites/future-factory-377ef/versions/c9921f9eb4d4c957/files/4f47d1a40b3d091f60d3671df84e89c76381d6bf8cb8bf8c3258ede642354550 [none]
[debug] [2026-08-05T11:01:44.184Z] >>> [apiv2][body] POST https://upload-firebasehosting.googleapis.com/upload/sites/future-factory-377ef/versions/c9921f9eb4d4c957/files/4f47d1a40b3d091f60d3671df84e89c76381d6bf8cb8bf8c3258ede642354550 [stream]
[debug] [2026-08-05T11:01:44.185Z] >>> [apiv2][query] POST https://upload-firebasehosting.googleapis.com/upload/sites/future-factory-377ef/versions/c9921f9eb4d4c957/files/754500f3ee1ede65cead4ba10a0e85e2824228e085462fb00bf90fb090558023 [none]
[debug] [2026-08-05T11:01:44.185Z] >>> [apiv2][body] POST https://upload-firebasehosting.googleapis.com/upload/sites/future-factory-377ef/versions/c9921f9eb4d4c957/files/754500f3ee1ede65cead4ba10a0e85e2824228e085462fb00bf90fb090558023 [stream]
[debug] [2026-08-05T11:01:44.186Z] >>> [apiv2][query] POST https://upload-firebasehosting.googleapis.com/upload/sites/future-factory-377ef/versions/c9921f9eb4d4c957/files/c9517768bc1a5b5f4b6e7e59cfed43bbb6b1967f3d4c6e0eb8687916cbcfa75f [none]
[debug] [2026-08-05T11:01:44.186Z] >>> [apiv2][body] POST https://upload-firebasehosting.googleapis.com/upload/sites/future-factory-377ef/versions/c9921f9eb4d4c957/files/c9517768bc1a5b5f4b6e7e59cfed43bbb6b1967f3d4c6e0eb8687916cbcfa75f [stream]
[debug] [2026-08-05T11:01:44.188Z] >>> [apiv2][query] POST https://upload-firebasehosting.googleapis.com/upload/sites/future-factory-377ef/versions/c9921f9eb4d4c957/files/13d67ad7ad1a72661150072e230c4759a87fa4c9278f15bfe5ad4ede809470b0 [none]
[debug] [2026-08-05T11:01:44.188Z] >>> [apiv2][body] POST https://upload-firebasehosting.googleapis.com/upload/sites/future-factory-377ef/versions/c9921f9eb4d4c957/files/13d67ad7ad1a72661150072e230c4759a87fa4c9278f15bfe5ad4ede809470b0 [stream]
[debug] [2026-08-05T11:01:44.190Z] [hosting][populate queue][FINAL] {"max":1355,"min":1355,"avg":1355,"active":0,"complete":1,"success":1,"errored":0,"retried":0,"total":1,"elapsed":1468}
[debug] [2026-08-05T11:01:44.190Z] [hosting] uploads queued: 63
[debug] [2026-08-05T11:01:45.117Z] <<< [apiv2][status] POST https://upload-firebasehosting.googleapis.com/upload/sites/future-factory-377ef/versions/c9921f9eb4d4c957/files/c3d5bcc4c3b4b4f233bdbaa7bb6acb0b70657539b9ca0308465524cdaba2947e 200
[debug] [2026-08-05T11:01:45.117Z] <<< [apiv2][body] POST https://upload-firebasehosting.googleapis.com/upload/sites/future-factory-377ef/versions/c9921f9eb4d4c957/files/c3d5bcc4c3b4b4f233bdbaa7bb6acb0b70657539b9ca0308465524cdaba2947e [stream]
[debug] [2026-08-05T11:01:45.183Z] <<< [apiv2][status] POST https://upload-firebasehosting.googleapis.com/upload/sites/future-factory-377ef/versions/c9921f9eb4d4c957/files/e0bf6599b09e58258295f890e4024554eae739ffeec2f1cfa770266833d48d7b 200
[debug] [2026-08-05T11:01:45.183Z] <<< [apiv2][body] POST https://upload-firebasehosting.googleapis.com/upload/sites/future-factory-377ef/versions/c9921f9eb4d4c957/files/e0bf6599b09e58258295f890e4024554eae739ffeec2f1cfa770266833d48d7b [stream]
[debug] [2026-08-05T11:01:45.186Z] <<< [apiv2][status] POST https://upload-firebasehosting.googleapis.com/upload/sites/future-factory-377ef/versions/c9921f9eb4d4c957/files/ce417c72b381a4b940675fcf24acdb36efe29af13469196c9b88a594605c953f 200
[debug] [2026-08-05T11:01:45.186Z] <<< [apiv2][body] POST https://upload-firebasehosting.googleapis.com/upload/sites/future-factory-377ef/versions/c9921f9eb4d4c957/files/ce417c72b381a4b940675fcf24acdb36efe29af13469196c9b88a594605c953f [stream]
[debug] [2026-08-05T11:01:45.189Z] <<< [apiv2][status] POST https://upload-firebasehosting.googleapis.com/upload/sites/future-factory-377ef/versions/c9921f9eb4d4c957/files/b82ecc373f22b6ddf8d92dc6657b38e59751d93412402adcf71981da6ed021b9 200
[debug] [2026-08-05T11:01:45.189Z] <<< [apiv2][body] POST https://upload-firebasehosting.googleapis.com/upload/sites/future-factory-377ef/versions/c9921f9eb4d4c957/files/b82ecc373f22b6ddf8d92dc6657b38e59751d93412402adcf71981da6ed021b9 [stream]
[debug] [2026-08-05T11:01:45.206Z] <<< [apiv2][status] POST https://upload-firebasehosting.googleapis.com/upload/sites/future-factory-377ef/versions/c9921f9eb4d4c957/files/4991153e7228449e8b1887a8ec4419e53dfe8e2d73ed3f75daa0d0f13cb69384 200
[debug] [2026-08-05T11:01:45.206Z] <<< [apiv2][body] POST https://upload-firebasehosting.googleapis.com/upload/sites/future-factory-377ef/versions/c9921f9eb4d4c957/files/4991153e7228449e8b1887a8ec4419e53dfe8e2d73ed3f75daa0d0f13cb69384 [stream]
[debug] [2026-08-05T11:01:45.210Z] <<< [apiv2][status] POST https://upload-firebasehosting.googleapis.com/upload/sites/future-factory-377ef/versions/c9921f9eb4d4c957/files/cb107d3925fa9aa20609cd5b0119d8fefd32e24446905ce57ff2c5e062b2dc77 200
[debug] [2026-08-05T11:01:45.210Z] <<< [apiv2][body] POST https://upload-firebasehosting.googleapis.com/upload/sites/future-factory-377ef/versions/c9921f9eb4d4c957/files/cb107d3925fa9aa20609cd5b0119d8fefd32e24446905ce57ff2c5e062b2dc77 [stream]
[debug] [2026-08-05T11:01:45.213Z] <<< [apiv2][status] POST https://upload-firebasehosting.googleapis.com/upload/sites/future-factory-377ef/versions/c9921f9eb4d4c957/files/934ebcc5c033e74d1d5b7501040fa3e3fb587ab5bcbaecaec45fa863e081cf89 200
[debug] [2026-08-05T11:01:45.213Z] <<< [apiv2][body] POST https://upload-firebasehosting.googleapis.com/upload/sites/future-factory-377ef/versions/c9921f9eb4d4c957/files/934ebcc5c033e74d1d5b7501040fa3e3fb587ab5bcbaecaec45fa863e081cf89 [stream]
[debug] [2026-08-05T11:01:45.219Z] <<< [apiv2][status] POST https://upload-firebasehosting.googleapis.com/upload/sites/future-factory-377ef/versions/c9921f9eb4d4c957/files/1a45911086a252275a4535079f5c2e9ad768254c886a43a2d5c2445672e599b4 200
[debug] [2026-08-05T11:01:45.221Z] <<< [apiv2][body] POST https://upload-firebasehosting.googleapis.com/upload/sites/future-factory-377ef/versions/c9921f9eb4d4c957/files/1a45911086a252275a4535079f5c2e9ad768254c886a43a2d5c2445672e599b4 [stream]
[debug] [2026-08-05T11:01:45.221Z] <<< [apiv2][status] POST https://upload-firebasehosting.googleapis.com/upload/sites/future-factory-377ef/versions/c9921f9eb4d4c957/files/b8f786134f95a281b0295d50ea40aadfe7838608e178abb940731575b7cbef4a 200
[debug] [2026-08-05T11:01:45.221Z] <<< [apiv2][body] POST https://upload-firebasehosting.googleapis.com/upload/sites/future-factory-377ef/versions/c9921f9eb4d4c957/files/b8f786134f95a281b0295d50ea40aadfe7838608e178abb940731575b7cbef4a [stream]
[debug] [2026-08-05T11:01:45.224Z] <<< [apiv2][status] POST https://upload-firebasehosting.googleapis.com/upload/sites/future-factory-377ef/versions/c9921f9eb4d4c957/files/4855e0cd05dee401682df0468e9be318f20abed993c1553d49e3b38846022729 200
[debug] [2026-08-05T11:01:45.224Z] <<< [apiv2][body] POST https://upload-firebasehosting.googleapis.com/upload/sites/future-factory-377ef/versions/c9921f9eb4d4c957/files/4855e0cd05dee401682df0468e9be318f20abed993c1553d49e3b38846022729 [stream]
[debug] [2026-08-05T11:01:45.227Z] <<< [apiv2][status] POST https://upload-firebasehosting.googleapis.com/upload/sites/future-factory-377ef/versions/c9921f9eb4d4c957/files/13d67ad7ad1a72661150072e230c4759a87fa4c9278f15bfe5ad4ede809470b0 200
[debug] [2026-08-05T11:01:45.227Z] <<< [apiv2][body] POST https://upload-firebasehosting.googleapis.com/upload/sites/future-factory-377ef/versions/c9921f9eb4d4c957/files/13d67ad7ad1a72661150072e230c4759a87fa4c9278f15bfe5ad4ede809470b0 [stream]
[debug] [2026-08-05T11:01:45.230Z] <<< [apiv2][status] POST https://upload-firebasehosting.googleapis.com/upload/sites/future-factory-377ef/versions/c9921f9eb4d4c957/files/c07c357ef1d3dd66c5ffe66526a3d99795851b6ed93945cd6d2492c729b3873f 200
[debug] [2026-08-05T11:01:45.230Z] <<< [apiv2][body] POST https://upload-firebasehosting.googleapis.com/upload/sites/future-factory-377ef/versions/c9921f9eb4d4c957/files/c07c357ef1d3dd66c5ffe66526a3d99795851b6ed93945cd6d2492c729b3873f [stream]
[debug] [2026-08-05T11:01:45.233Z] <<< [apiv2][status] POST https://upload-firebasehosting.googleapis.com/upload/sites/future-factory-377ef/versions/c9921f9eb4d4c957/files/e292baa5f1e45eb5242b470b20b1ddc09d7cc2389839010a2a6f38ff55b95cfd 200
[debug] [2026-08-05T11:01:45.233Z] <<< [apiv2][body] POST https://upload-firebasehosting.googleapis.com/upload/sites/future-factory-377ef/versions/c9921f9eb4d4c957/files/e292baa5f1e45eb5242b470b20b1ddc09d7cc2389839010a2a6f38ff55b95cfd [stream]
[debug] [2026-08-05T11:01:45.235Z] <<< [apiv2][status] POST https://upload-firebasehosting.googleapis.com/upload/sites/future-factory-377ef/versions/c9921f9eb4d4c957/files/4f47d1a40b3d091f60d3671df84e89c76381d6bf8cb8bf8c3258ede642354550 200
[debug] [2026-08-05T11:01:45.235Z] <<< [apiv2][body] POST https://upload-firebasehosting.googleapis.com/upload/sites/future-factory-377ef/versions/c9921f9eb4d4c957/files/4f47d1a40b3d091f60d3671df84e89c76381d6bf8cb8bf8c3258ede642354550 [stream]
[debug] [2026-08-05T11:01:45.241Z] <<< [apiv2][status] POST https://upload-firebasehosting.googleapis.com/upload/sites/future-factory-377ef/versions/c9921f9eb4d4c957/files/da8ddf0187cd8e71883c83079538039042d83dd701d19177d8c290ccf8fef12f 200
[debug] [2026-08-05T11:01:45.241Z] <<< [apiv2][body] POST https://upload-firebasehosting.googleapis.com/upload/sites/future-factory-377ef/versions/c9921f9eb4d4c957/files/da8ddf0187cd8e71883c83079538039042d83dd701d19177d8c290ccf8fef12f [stream]
[debug] [2026-08-05T11:01:45.245Z] <<< [apiv2][status] POST https://upload-firebasehosting.googleapis.com/upload/sites/future-factory-377ef/versions/c9921f9eb4d4c957/files/c6d4e3d0fa0d5b2c660fe3f585626d4e80242b53e63ee41300c961e41a579fe6 200
[debug] [2026-08-05T11:01:45.245Z] <<< [apiv2][body] POST https://upload-firebasehosting.googleapis.com/upload/sites/future-factory-377ef/versions/c9921f9eb4d4c957/files/c6d4e3d0fa0d5b2c660fe3f585626d4e80242b53e63ee41300c961e41a579fe6 [stream]
[debug] [2026-08-05T11:01:45.246Z] <<< [apiv2][status] POST https://upload-firebasehosting.googleapis.com/upload/sites/future-factory-377ef/versions/c9921f9eb4d4c957/files/dfb393a6ebfac9ea273b08efb1211077f07efbe79e5a3180b847520617d1f4e4 200
[debug] [2026-08-05T11:01:45.247Z] <<< [apiv2][body] POST https://upload-firebasehosting.googleapis.com/upload/sites/future-factory-377ef/versions/c9921f9eb4d4c957/files/dfb393a6ebfac9ea273b08efb1211077f07efbe79e5a3180b847520617d1f4e4 [stream]
[debug] [2026-08-05T11:01:45.247Z] <<< [apiv2][status] POST https://upload-firebasehosting.googleapis.com/upload/sites/future-factory-377ef/versions/c9921f9eb4d4c957/files/9fd2afe24a0ded5419d238fc8d566ec2bea96f35a4916060bf3c6bcb552be983 200
[debug] [2026-08-05T11:01:45.247Z] <<< [apiv2][body] POST https://upload-firebasehosting.googleapis.com/upload/sites/future-factory-377ef/versions/c9921f9eb4d4c957/files/9fd2afe24a0ded5419d238fc8d566ec2bea96f35a4916060bf3c6bcb552be983 [stream]
[debug] [2026-08-05T11:01:45.252Z] <<< [apiv2][status] POST https://upload-firebasehosting.googleapis.com/upload/sites/future-factory-377ef/versions/c9921f9eb4d4c957/files/efded0df28cdd811d230be7244f9126c5c9a884de588b445e381feb2fc8f0735 200
[debug] [2026-08-05T11:01:45.252Z] <<< [apiv2][body] POST https://upload-firebasehosting.googleapis.com/upload/sites/future-factory-377ef/versions/c9921f9eb4d4c957/files/efded0df28cdd811d230be7244f9126c5c9a884de588b445e381feb2fc8f0735 [stream]
[debug] [2026-08-05T11:01:45.259Z] <<< [apiv2][status] POST https://upload-firebasehosting.googleapis.com/upload/sites/future-factory-377ef/versions/c9921f9eb4d4c957/files/8297b458fa41da5f310499a793193fe693eafd1e6f15628214322bc8775e3804 200
[debug] [2026-08-05T11:01:45.261Z] <<< [apiv2][body] POST https://upload-firebasehosting.googleapis.com/upload/sites/future-factory-377ef/versions/c9921f9eb4d4c957/files/8297b458fa41da5f310499a793193fe693eafd1e6f15628214322bc8775e3804 [stream]
[debug] [2026-08-05T11:01:45.261Z] <<< [apiv2][status] POST https://upload-firebasehosting.googleapis.com/upload/sites/future-factory-377ef/versions/c9921f9eb4d4c957/files/8edf2b23c5c225559bdc85c99ee86a9fefbf842036a9c41729ffaa205b3bc2ab 200
[debug] [2026-08-05T11:01:45.261Z] <<< [apiv2][body] POST https://upload-firebasehosting.googleapis.com/upload/sites/future-factory-377ef/versions/c9921f9eb4d4c957/files/8edf2b23c5c225559bdc85c99ee86a9fefbf842036a9c41729ffaa205b3bc2ab [stream]
[debug] [2026-08-05T11:01:45.263Z] <<< [apiv2][status] POST https://upload-firebasehosting.googleapis.com/upload/sites/future-factory-377ef/versions/c9921f9eb4d4c957/files/d8c4da658f5d3effb7f6da6c02f71499e375086b4314bac9979dbd87ee367eb1 200
[debug] [2026-08-05T11:01:45.263Z] <<< [apiv2][body] POST https://upload-firebasehosting.googleapis.com/upload/sites/future-factory-377ef/versions/c9921f9eb4d4c957/files/d8c4da658f5d3effb7f6da6c02f71499e375086b4314bac9979dbd87ee367eb1 [stream]
[debug] [2026-08-05T11:01:45.265Z] <<< [apiv2][status] POST https://upload-firebasehosting.googleapis.com/upload/sites/future-factory-377ef/versions/c9921f9eb4d4c957/files/4507a36bb2b109302579553dfef8d3042638456616de0b379f9e95f2dd017845 200
[debug] [2026-08-05T11:01:45.265Z] <<< [apiv2][body] POST https://upload-firebasehosting.googleapis.com/upload/sites/future-factory-377ef/versions/c9921f9eb4d4c957/files/4507a36bb2b109302579553dfef8d3042638456616de0b379f9e95f2dd017845 [stream]
[debug] [2026-08-05T11:01:45.266Z] <<< [apiv2][status] POST https://upload-firebasehosting.googleapis.com/upload/sites/future-factory-377ef/versions/c9921f9eb4d4c957/files/8afe5a7245a37f8d34ce6291156715b91029fe0becf41222ba3b2eed9e3cdfc9 200
[debug] [2026-08-05T11:01:45.266Z] <<< [apiv2][body] POST https://upload-firebasehosting.googleapis.com/upload/sites/future-factory-377ef/versions/c9921f9eb4d4c957/files/8afe5a7245a37f8d34ce6291156715b91029fe0becf41222ba3b2eed9e3cdfc9 [stream]
[debug] [2026-08-05T11:01:45.274Z] <<< [apiv2][status] POST https://upload-firebasehosting.googleapis.com/upload/sites/future-factory-377ef/versions/c9921f9eb4d4c957/files/d1bad6817881fb88971a6513bd9986cf18aaf1f0bcff827a66eaddd3f5b12d4e 200
[debug] [2026-08-05T11:01:45.274Z] <<< [apiv2][body] POST https://upload-firebasehosting.googleapis.com/upload/sites/future-factory-377ef/versions/c9921f9eb4d4c957/files/d1bad6817881fb88971a6513bd9986cf18aaf1f0bcff827a66eaddd3f5b12d4e [stream]
[debug] [2026-08-05T11:01:45.276Z] <<< [apiv2][status] POST https://upload-firebasehosting.googleapis.com/upload/sites/future-factory-377ef/versions/c9921f9eb4d4c957/files/a3f7ab8c649e3a58c2e16a7bd4395851852a3c3a48b91f6bff6a9f916c1bd8c4 200
[debug] [2026-08-05T11:01:45.276Z] <<< [apiv2][body] POST https://upload-firebasehosting.googleapis.com/upload/sites/future-factory-377ef/versions/c9921f9eb4d4c957/files/a3f7ab8c649e3a58c2e16a7bd4395851852a3c3a48b91f6bff6a9f916c1bd8c4 [stream]
[debug] [2026-08-05T11:01:45.283Z] <<< [apiv2][status] POST https://upload-firebasehosting.googleapis.com/upload/sites/future-factory-377ef/versions/c9921f9eb4d4c957/files/c889668b9b3bca7cc50e7493589edad95b16442c655e215b9bc930fe39a5d7e8 200
[debug] [2026-08-05T11:01:45.283Z] <<< [apiv2][body] POST https://upload-firebasehosting.googleapis.com/upload/sites/future-factory-377ef/versions/c9921f9eb4d4c957/files/c889668b9b3bca7cc50e7493589edad95b16442c655e215b9bc930fe39a5d7e8 [stream]
[debug] [2026-08-05T11:01:45.284Z] <<< [apiv2][status] POST https://upload-firebasehosting.googleapis.com/upload/sites/future-factory-377ef/versions/c9921f9eb4d4c957/files/2349a5a6a815a5fcbc7cc46c3ecf2c859798d334db1ce40aa597f7647f19fc4c 200
[debug] [2026-08-05T11:01:45.284Z] <<< [apiv2][body] POST https://upload-firebasehosting.googleapis.com/upload/sites/future-factory-377ef/versions/c9921f9eb4d4c957/files/2349a5a6a815a5fcbc7cc46c3ecf2c859798d334db1ce40aa597f7647f19fc4c [stream]
[debug] [2026-08-05T11:01:45.296Z] <<< [apiv2][status] POST https://upload-firebasehosting.googleapis.com/upload/sites/future-factory-377ef/versions/c9921f9eb4d4c957/files/3f28838fb4a16b8df6aabd219160db278ae3042b180964e7f31ad9b9b9e41191 200
[debug] [2026-08-05T11:01:45.296Z] <<< [apiv2][body] POST https://upload-firebasehosting.googleapis.com/upload/sites/future-factory-377ef/versions/c9921f9eb4d4c957/files/3f28838fb4a16b8df6aabd219160db278ae3042b180964e7f31ad9b9b9e41191 [stream]
[debug] [2026-08-05T11:01:45.297Z] <<< [apiv2][status] POST https://upload-firebasehosting.googleapis.com/upload/sites/future-factory-377ef/versions/c9921f9eb4d4c957/files/855028668fdd11f443e09af9c860117fb1139c392235d4d872aa055fe413a9cb 200
[debug] [2026-08-05T11:01:45.297Z] <<< [apiv2][body] POST https://upload-firebasehosting.googleapis.com/upload/sites/future-factory-377ef/versions/c9921f9eb4d4c957/files/855028668fdd11f443e09af9c860117fb1139c392235d4d872aa055fe413a9cb [stream]
[debug] [2026-08-05T11:01:45.301Z] <<< [apiv2][status] POST https://upload-firebasehosting.googleapis.com/upload/sites/future-factory-377ef/versions/c9921f9eb4d4c957/files/48876bc4911386c017613967651681fb2d783c5409fc93c4b26e807994046106 200
[debug] [2026-08-05T11:01:45.302Z] <<< [apiv2][body] POST https://upload-firebasehosting.googleapis.com/upload/sites/future-factory-377ef/versions/c9921f9eb4d4c957/files/48876bc4911386c017613967651681fb2d783c5409fc93c4b26e807994046106 [stream]
[debug] [2026-08-05T11:01:45.302Z] <<< [apiv2][status] POST https://upload-firebasehosting.googleapis.com/upload/sites/future-factory-377ef/versions/c9921f9eb4d4c957/files/ad273362d65a67772ca901cc6c4a2cb200e8a805906c22c195b4831114241a39 200
[debug] [2026-08-05T11:01:45.302Z] <<< [apiv2][body] POST https://upload-firebasehosting.googleapis.com/upload/sites/future-factory-377ef/versions/c9921f9eb4d4c957/files/ad273362d65a67772ca901cc6c4a2cb200e8a805906c22c195b4831114241a39 [stream]
[debug] [2026-08-05T11:01:45.305Z] <<< [apiv2][status] POST https://upload-firebasehosting.googleapis.com/upload/sites/future-factory-377ef/versions/c9921f9eb4d4c957/files/de4452f83704e36913e60fb5f1fb8eb9f2e84895b00cc4ea51aaacbffaed4dee 200
[debug] [2026-08-05T11:01:45.306Z] <<< [apiv2][body] POST https://upload-firebasehosting.googleapis.com/upload/sites/future-factory-377ef/versions/c9921f9eb4d4c957/files/de4452f83704e36913e60fb5f1fb8eb9f2e84895b00cc4ea51aaacbffaed4dee [stream]
[debug] [2026-08-05T11:01:45.307Z] <<< [apiv2][status] POST https://upload-firebasehosting.googleapis.com/upload/sites/future-factory-377ef/versions/c9921f9eb4d4c957/files/9d7b1ccab21fb8f073ffd7f0037f60cf504de200a224cd96b8a8a3680573416a 200
[debug] [2026-08-05T11:01:45.307Z] <<< [apiv2][body] POST https://upload-firebasehosting.googleapis.com/upload/sites/future-factory-377ef/versions/c9921f9eb4d4c957/files/9d7b1ccab21fb8f073ffd7f0037f60cf504de200a224cd96b8a8a3680573416a [stream]
[debug] [2026-08-05T11:01:45.314Z] <<< [apiv2][status] POST https://upload-firebasehosting.googleapis.com/upload/sites/future-factory-377ef/versions/c9921f9eb4d4c957/files/9435a3832e294b2905544632a34c3e360560e4e87eaac5408feee0ae9e484a70 200
[debug] [2026-08-05T11:01:45.314Z] <<< [apiv2][body] POST https://upload-firebasehosting.googleapis.com/upload/sites/future-factory-377ef/versions/c9921f9eb4d4c957/files/9435a3832e294b2905544632a34c3e360560e4e87eaac5408feee0ae9e484a70 [stream]
[debug] [2026-08-05T11:01:45.318Z] <<< [apiv2][status] POST https://upload-firebasehosting.googleapis.com/upload/sites/future-factory-377ef/versions/c9921f9eb4d4c957/files/e656af8b525e4af5dd71983481323071020249debc2fb2c29d7679c9b2fb859d 200
[debug] [2026-08-05T11:01:45.318Z] <<< [apiv2][body] POST https://upload-firebasehosting.googleapis.com/upload/sites/future-factory-377ef/versions/c9921f9eb4d4c957/files/e656af8b525e4af5dd71983481323071020249debc2fb2c29d7679c9b2fb859d [stream]
[debug] [2026-08-05T11:01:45.329Z] <<< [apiv2][status] POST https://upload-firebasehosting.googleapis.com/upload/sites/future-factory-377ef/versions/c9921f9eb4d4c957/files/f24aabcda1f129f3782546345746c36b96a5391cf7c49cb2930ede5b49f7942e 200
[debug] [2026-08-05T11:01:45.329Z] <<< [apiv2][body] POST https://upload-firebasehosting.googleapis.com/upload/sites/future-factory-377ef/versions/c9921f9eb4d4c957/files/f24aabcda1f129f3782546345746c36b96a5391cf7c49cb2930ede5b49f7942e [stream]
[debug] [2026-08-05T11:01:45.333Z] <<< [apiv2][status] POST https://upload-firebasehosting.googleapis.com/upload/sites/future-factory-377ef/versions/c9921f9eb4d4c957/files/59739b76f08c6c14e0fbd5549e7097052a903e95a4ddedb81bf6dc56b1081da5 200
[debug] [2026-08-05T11:01:45.333Z] <<< [apiv2][body] POST https://upload-firebasehosting.googleapis.com/upload/sites/future-factory-377ef/versions/c9921f9eb4d4c957/files/59739b76f08c6c14e0fbd5549e7097052a903e95a4ddedb81bf6dc56b1081da5 [stream]
[debug] [2026-08-05T11:01:45.334Z] <<< [apiv2][status] POST https://upload-firebasehosting.googleapis.com/upload/sites/future-factory-377ef/versions/c9921f9eb4d4c957/files/16e20bfd53fecc3e44184fe51c4b52c1a0ac1e115bfdde14fb31b037c697e212 200
[debug] [2026-08-05T11:01:45.334Z] <<< [apiv2][body] POST https://upload-firebasehosting.googleapis.com/upload/sites/future-factory-377ef/versions/c9921f9eb4d4c957/files/16e20bfd53fecc3e44184fe51c4b52c1a0ac1e115bfdde14fb31b037c697e212 [stream]
[debug] [2026-08-05T11:01:45.340Z] <<< [apiv2][status] POST https://upload-firebasehosting.googleapis.com/upload/sites/future-factory-377ef/versions/c9921f9eb4d4c957/files/38115cbf2e76954cb74d257084417bb089ce6aad67b667da6065536d93e33f13 200
[debug] [2026-08-05T11:01:45.340Z] <<< [apiv2][body] POST https://upload-firebasehosting.googleapis.com/upload/sites/future-factory-377ef/versions/c9921f9eb4d4c957/files/38115cbf2e76954cb74d257084417bb089ce6aad67b667da6065536d93e33f13 [stream]
[debug] [2026-08-05T11:01:45.348Z] <<< [apiv2][status] POST https://upload-firebasehosting.googleapis.com/upload/sites/future-factory-377ef/versions/c9921f9eb4d4c957/files/f5b74edcf385e543b7f0a78852ea554344607911167c607749f4baa5467ca9f8 200
[debug] [2026-08-05T11:01:45.348Z] <<< [apiv2][body] POST https://upload-firebasehosting.googleapis.com/upload/sites/future-factory-377ef/versions/c9921f9eb4d4c957/files/f5b74edcf385e543b7f0a78852ea554344607911167c607749f4baa5467ca9f8 [stream]
[debug] [2026-08-05T11:01:45.365Z] <<< [apiv2][status] POST https://upload-firebasehosting.googleapis.com/upload/sites/future-factory-377ef/versions/c9921f9eb4d4c957/files/8c65014811c496f167672b84335b1df65b84cd3ed970dd5b283bb7d6d720a8eb 200
[debug] [2026-08-05T11:01:45.366Z] <<< [apiv2][body] POST https://upload-firebasehosting.googleapis.com/upload/sites/future-factory-377ef/versions/c9921f9eb4d4c957/files/8c65014811c496f167672b84335b1df65b84cd3ed970dd5b283bb7d6d720a8eb [stream]
[debug] [2026-08-05T11:01:45.371Z] <<< [apiv2][status] POST https://upload-firebasehosting.googleapis.com/upload/sites/future-factory-377ef/versions/c9921f9eb4d4c957/files/0bf5aae29d91305d1894bab0a791ea46a0a2e13bded6243230a6600906611a87 200
[debug] [2026-08-05T11:01:45.371Z] <<< [apiv2][body] POST https://upload-firebasehosting.googleapis.com/upload/sites/future-factory-377ef/versions/c9921f9eb4d4c957/files/0bf5aae29d91305d1894bab0a791ea46a0a2e13bded6243230a6600906611a87 [stream]
[debug] [2026-08-05T11:01:45.382Z] <<< [apiv2][status] POST https://upload-firebasehosting.googleapis.com/upload/sites/future-factory-377ef/versions/c9921f9eb4d4c957/files/59c2348079a4588ef897dc587aad69f6fd8507063bc91289e1d3497e5be61e3d 200
[debug] [2026-08-05T11:01:45.382Z] <<< [apiv2][body] POST https://upload-firebasehosting.googleapis.com/upload/sites/future-factory-377ef/versions/c9921f9eb4d4c957/files/59c2348079a4588ef897dc587aad69f6fd8507063bc91289e1d3497e5be61e3d [stream]
[debug] [2026-08-05T11:01:45.388Z] <<< [apiv2][status] POST https://upload-firebasehosting.googleapis.com/upload/sites/future-factory-377ef/versions/c9921f9eb4d4c957/files/957453300a99ff3f179ad74906aa8fce9e95e579edb303d570bf9db804bd47ec 200
[debug] [2026-08-05T11:01:45.388Z] <<< [apiv2][body] POST https://upload-firebasehosting.googleapis.com/upload/sites/future-factory-377ef/versions/c9921f9eb4d4c957/files/957453300a99ff3f179ad74906aa8fce9e95e579edb303d570bf9db804bd47ec [stream]
[debug] [2026-08-05T11:01:45.403Z] <<< [apiv2][status] POST https://upload-firebasehosting.googleapis.com/upload/sites/future-factory-377ef/versions/c9921f9eb4d4c957/files/17200b30f6a54a1cb22e264450f1322bb4f47f2607231f4d589bf8751f71e19d 200
[debug] [2026-08-05T11:01:45.403Z] <<< [apiv2][body] POST https://upload-firebasehosting.googleapis.com/upload/sites/future-factory-377ef/versions/c9921f9eb4d4c957/files/17200b30f6a54a1cb22e264450f1322bb4f47f2607231f4d589bf8751f71e19d [stream]
[debug] [2026-08-05T11:01:45.404Z] <<< [apiv2][status] POST https://upload-firebasehosting.googleapis.com/upload/sites/future-factory-377ef/versions/c9921f9eb4d4c957/files/c9517768bc1a5b5f4b6e7e59cfed43bbb6b1967f3d4c6e0eb8687916cbcfa75f 200
[debug] [2026-08-05T11:01:45.405Z] <<< [apiv2][body] POST https://upload-firebasehosting.googleapis.com/upload/sites/future-factory-377ef/versions/c9921f9eb4d4c957/files/c9517768bc1a5b5f4b6e7e59cfed43bbb6b1967f3d4c6e0eb8687916cbcfa75f [stream]
[debug] [2026-08-05T11:01:45.418Z] <<< [apiv2][status] POST https://upload-firebasehosting.googleapis.com/upload/sites/future-factory-377ef/versions/c9921f9eb4d4c957/files/c016c051245c3adfe4b4dc2b4eb5425a99a83ad51fbc5a5938da0744327b2328 200
[debug] [2026-08-05T11:01:45.418Z] <<< [apiv2][body] POST https://upload-firebasehosting.googleapis.com/upload/sites/future-factory-377ef/versions/c9921f9eb4d4c957/files/c016c051245c3adfe4b4dc2b4eb5425a99a83ad51fbc5a5938da0744327b2328 [stream]
[debug] [2026-08-05T11:01:45.431Z] <<< [apiv2][status] POST https://upload-firebasehosting.googleapis.com/upload/sites/future-factory-377ef/versions/c9921f9eb4d4c957/files/1d2c7e360b8536ce67cf379bc67ff482411e94493100965b288f98bb6c52e7bf 200
[debug] [2026-08-05T11:01:45.431Z] <<< [apiv2][body] POST https://upload-firebasehosting.googleapis.com/upload/sites/future-factory-377ef/versions/c9921f9eb4d4c957/files/1d2c7e360b8536ce67cf379bc67ff482411e94493100965b288f98bb6c52e7bf [stream]
[debug] [2026-08-05T11:01:45.431Z] <<< [apiv2][status] POST https://upload-firebasehosting.googleapis.com/upload/sites/future-factory-377ef/versions/c9921f9eb4d4c957/files/aaa269c04ff9752b2267e7ab1f5377763470ea1da58d8bbc185d61c146740380 200
[debug] [2026-08-05T11:01:45.431Z] <<< [apiv2][body] POST https://upload-firebasehosting.googleapis.com/upload/sites/future-factory-377ef/versions/c9921f9eb4d4c957/files/aaa269c04ff9752b2267e7ab1f5377763470ea1da58d8bbc185d61c146740380 [stream]
[debug] [2026-08-05T11:01:45.442Z] <<< [apiv2][status] POST https://upload-firebasehosting.googleapis.com/upload/sites/future-factory-377ef/versions/c9921f9eb4d4c957/files/2a861f4fb7850f616b8dd16d2b7db5f2d34991aeee42557bc9716ed76cb548a1 200
[debug] [2026-08-05T11:01:45.442Z] <<< [apiv2][body] POST https://upload-firebasehosting.googleapis.com/upload/sites/future-factory-377ef/versions/c9921f9eb4d4c957/files/2a861f4fb7850f616b8dd16d2b7db5f2d34991aeee42557bc9716ed76cb548a1 [stream]
[debug] [2026-08-05T11:01:45.448Z] <<< [apiv2][status] POST https://upload-firebasehosting.googleapis.com/upload/sites/future-factory-377ef/versions/c9921f9eb4d4c957/files/f5b0ec18b6f4e5098f95d136d078169a77d970b9828156e6686b6399a5a4ab9b 200
[debug] [2026-08-05T11:01:45.448Z] <<< [apiv2][body] POST https://upload-firebasehosting.googleapis.com/upload/sites/future-factory-377ef/versions/c9921f9eb4d4c957/files/f5b0ec18b6f4e5098f95d136d078169a77d970b9828156e6686b6399a5a4ab9b [stream]
[debug] [2026-08-05T11:01:45.463Z] <<< [apiv2][status] POST https://upload-firebasehosting.googleapis.com/upload/sites/future-factory-377ef/versions/c9921f9eb4d4c957/files/0f5dfa487281050f45e08196b1d60426d559055d45004f0fc697fd4fcd390b59 200
[debug] [2026-08-05T11:01:45.463Z] <<< [apiv2][body] POST https://upload-firebasehosting.googleapis.com/upload/sites/future-factory-377ef/versions/c9921f9eb4d4c957/files/0f5dfa487281050f45e08196b1d60426d559055d45004f0fc697fd4fcd390b59 [stream]
[debug] [2026-08-05T11:01:45.473Z] <<< [apiv2][status] POST https://upload-firebasehosting.googleapis.com/upload/sites/future-factory-377ef/versions/c9921f9eb4d4c957/files/098bd888cbd4435ef1f7467038bebc275203254f2011f6cfcb3853c248708cd9 200
[debug] [2026-08-05T11:01:45.473Z] <<< [apiv2][body] POST https://upload-firebasehosting.googleapis.com/upload/sites/future-factory-377ef/versions/c9921f9eb4d4c957/files/098bd888cbd4435ef1f7467038bebc275203254f2011f6cfcb3853c248708cd9 [stream]
[debug] [2026-08-05T11:01:45.493Z] <<< [apiv2][status] POST https://upload-firebasehosting.googleapis.com/upload/sites/future-factory-377ef/versions/c9921f9eb4d4c957/files/f6e69124fb9db07194fc135cf5552e1f806cb229ddc9aee2ceefea76f270501b 200
[debug] [2026-08-05T11:01:45.494Z] <<< [apiv2][body] POST https://upload-firebasehosting.googleapis.com/upload/sites/future-factory-377ef/versions/c9921f9eb4d4c957/files/f6e69124fb9db07194fc135cf5552e1f806cb229ddc9aee2ceefea76f270501b [stream]
[debug] [2026-08-05T11:01:45.549Z] <<< [apiv2][status] POST https://upload-firebasehosting.googleapis.com/upload/sites/future-factory-377ef/versions/c9921f9eb4d4c957/files/b3d3211780885a207e03b84f1f2015f58c515f20a87375affdb3bb5dd4a24dc3 200
[debug] [2026-08-05T11:01:45.549Z] <<< [apiv2][body] POST https://upload-firebasehosting.googleapis.com/upload/sites/future-factory-377ef/versions/c9921f9eb4d4c957/files/b3d3211780885a207e03b84f1f2015f58c515f20a87375affdb3bb5dd4a24dc3 [stream]
[debug] [2026-08-05T11:01:45.588Z] <<< [apiv2][status] POST https://upload-firebasehosting.googleapis.com/upload/sites/future-factory-377ef/versions/c9921f9eb4d4c957/files/379bbc99a41b73514a53d095b8a0ba41cfe30164cac8fc9c2de69ff42f7f74de 200
[debug] [2026-08-05T11:01:45.588Z] <<< [apiv2][body] POST https://upload-firebasehosting.googleapis.com/upload/sites/future-factory-377ef/versions/c9921f9eb4d4c957/files/379bbc99a41b73514a53d095b8a0ba41cfe30164cac8fc9c2de69ff42f7f74de [stream]
[debug] [2026-08-05T11:01:45.592Z] <<< [apiv2][status] POST https://upload-firebasehosting.googleapis.com/upload/sites/future-factory-377ef/versions/c9921f9eb4d4c957/files/70fb6ea25a2df472c16d5b9a633ca4db78d131668b2657e51785002972e024e3 200
[debug] [2026-08-05T11:01:45.592Z] <<< [apiv2][body] POST https://upload-firebasehosting.googleapis.com/upload/sites/future-factory-377ef/versions/c9921f9eb4d4c957/files/70fb6ea25a2df472c16d5b9a633ca4db78d131668b2657e51785002972e024e3 [stream]
[debug] [2026-08-05T11:01:45.621Z] <<< [apiv2][status] POST https://upload-firebasehosting.googleapis.com/upload/sites/future-factory-377ef/versions/c9921f9eb4d4c957/files/754500f3ee1ede65cead4ba10a0e85e2824228e085462fb00bf90fb090558023 200
[debug] [2026-08-05T11:01:45.621Z] <<< [apiv2][body] POST https://upload-firebasehosting.googleapis.com/upload/sites/future-factory-377ef/versions/c9921f9eb4d4c957/files/754500f3ee1ede65cead4ba10a0e85e2824228e085462fb00bf90fb090558023 [stream]
[debug] [2026-08-05T11:01:45.636Z] <<< [apiv2][status] POST https://upload-firebasehosting.googleapis.com/upload/sites/future-factory-377ef/versions/c9921f9eb4d4c957/files/cd195931ecafd8d7aed117935e87a1cf6a047f3094350b1338a0f0ed12ebcbbe 200
[debug] [2026-08-05T11:01:45.636Z] <<< [apiv2][body] POST https://upload-firebasehosting.googleapis.com/upload/sites/future-factory-377ef/versions/c9921f9eb4d4c957/files/cd195931ecafd8d7aed117935e87a1cf6a047f3094350b1338a0f0ed12ebcbbe [stream]
[debug] [2026-08-05T11:01:45.650Z] <<< [apiv2][status] POST https://upload-firebasehosting.googleapis.com/upload/sites/future-factory-377ef/versions/c9921f9eb4d4c957/files/824bc8b2a4c86b5db3cef7cd9342e969250bd7544dba134cfe824e0dc60155ff 200
[debug] [2026-08-05T11:01:45.651Z] <<< [apiv2][body] POST https://upload-firebasehosting.googleapis.com/upload/sites/future-factory-377ef/versions/c9921f9eb4d4c957/files/824bc8b2a4c86b5db3cef7cd9342e969250bd7544dba134cfe824e0dc60155ff [stream]
[debug] [2026-08-05T11:01:45.653Z] <<< [apiv2][status] POST https://upload-firebasehosting.googleapis.com/upload/sites/future-factory-377ef/versions/c9921f9eb4d4c957/files/3a6cd485b30aa62275e87b856980267769ee63c0b4c1d9fcbac9143887df6bb6 200
[debug] [2026-08-05T11:01:45.653Z] <<< [apiv2][body] POST https://upload-firebasehosting.googleapis.com/upload/sites/future-factory-377ef/versions/c9921f9eb4d4c957/files/3a6cd485b30aa62275e87b856980267769ee63c0b4c1d9fcbac9143887df6bb6 [stream]
[debug] [2026-08-05T11:01:45.672Z] <<< [apiv2][status] POST https://upload-firebasehosting.googleapis.com/upload/sites/future-factory-377ef/versions/c9921f9eb4d4c957/files/157bc21a3f1ddca04ad6865e18243dda5c2626981c838d08ca16258ed418e477 200
[debug] [2026-08-05T11:01:45.672Z] <<< [apiv2][body] POST https://upload-firebasehosting.googleapis.com/upload/sites/future-factory-377ef/versions/c9921f9eb4d4c957/files/157bc21a3f1ddca04ad6865e18243dda5c2626981c838d08ca16258ed418e477 [stream]
[debug] [2026-08-05T11:01:45.672Z] [hosting][upload queue][FINAL] {"max":1631,"min":1057,"avg":1283.015873015873,"active":0,"complete":63,"success":63,"errored":0,"retried":0,"total":63,"elapsed":1632}
[info] ✔  hosting[future-factory-377ef]: file upload complete 
[debug] [2026-08-05T11:01:45.676Z] [hosting] deploy completed after 3311ms
[debug] [2026-08-05T11:01:45.677Z] [
  {
    "config": {
      "public": "dist",
      "ignore": [
        "firebase.json",
        "**/.*",
        "**/node_modules/**"
      ],
      "headers": [
        {
          "source": "/assets/**",
          "headers": [
            {
              "key": "Cache-Control",
              "value": "public, max-age=31536000, immutable"
            }
          ]
        },
        {
          "source": "/index.html",
          "headers": [
            {
              "key": "Cache-Control",
              "value": "no-cache, no-store, must-revalidate"
            }
          ]
        },
        {
          "source": "/manifest.json",
          "headers": [
            {
              "key": "Cache-Control",
              "value": "no-cache"
            }
          ]
        },
        {
          "source": "/firebase-messaging-sw.js",
          "headers": [
            {
              "key": "Cache-Control",
              "value": "no-cache"
            }
          ]
        },
        {
          "source": "/version.json",
          "headers": [
            {
              "key": "Cache-Control",
              "value": "no-cache"
            }
          ]
        }
      ],
      "rewrites": [
        {
          "source": "**",
          "destination": "/index.html"
        }
      ],
      "site": "future-factory-377ef"
    },
    "version": "projects/180452063401/sites/future-factory-377ef/versions/c9921f9eb4d4c957"
  }
]
[info] i  hosting[future-factory-377ef]: finalizing version... 
[debug] [2026-08-05T11:01:45.680Z] Checked if tokens are valid: true, expires at: 1785931297451
[debug] [2026-08-05T11:01:45.680Z] Checked if tokens are valid: true, expires at: 1785931297451
[debug] [2026-08-05T11:01:45.680Z] >>> [apiv2][query] PATCH https://firebasehosting.googleapis.com/v1beta1/projects/-/sites/future-factory-377ef/versions/c9921f9eb4d4c957 updateMask=status%2Cconfig
[debug] [2026-08-05T11:01:45.680Z] >>> [apiv2][body] PATCH https://firebasehosting.googleapis.com/v1beta1/projects/-/sites/future-factory-377ef/versions/c9921f9eb4d4c957 {"status":"FINALIZED","config":{"rewrites":[{"glob":"**","path":"/index.html"}],"headers":[{"glob":"/assets/**","headers":{"Cache-Control":"public, max-age=31536000, immutable"}},{"glob":"/index.html","headers":{"Cache-Control":"no-cache, no-store, must-revalidate"}},{"glob":"/manifest.json","headers":{"Cache-Control":"no-cache"}},{"glob":"/firebase-messaging-sw.js","headers":{"Cache-Control":"no-cache"}},{"glob":"/version.json","headers":{"Cache-Control":"no-cache"}}]}}
